../Core/Src/main.c:100:9:decToBcd	1
../Core/Src/main.c:105:5:bcdToDec	1
../Core/Src/main.c:123:6:Set_Time	1
../Core/Src/main.c:137:6:Get_Time	1
../Core/Src/main.c:150:7:Get_Temp	1
../Core/Src/main.c:159:6:force_temp_conv	2
../Core/Src/main.c:174:6:handle_selection	2
../Core/Src/main.c:190:6:display_menu	5
../Core/Src/main.c:212:6:mostrar_reloj	5
../Core/Src/main.c:245:6:configurar_hora_riego	33
../Core/Src/main.c:342:6:modo_automatico	19
../Core/Src/main.c:437:6:modo_manual	3
../Core/Src/main.c:466:6:configurar_tiempo	15
../Core/Src/main.c:574:6:verificar_tiempo_riego	4
../Core/Src/main.c:586:6:activar_bomba	1
../Core/Src/main.c:595:6:desactivar_bomba	1
../Core/Src/main.c:603:9:leer_humedad	2
../Core/Src/main.c:617:6:actualizar_estado	4
../Core/Src/main.c:626:6:configurar_rtc	46
../Core/Src/main.c:805:5:main	43
../Core/Src/main.c:1016:6:SystemClock_Config	4
../Core/Src/main.c:1064:13:MX_I2C1_Init	4
../Core/Src/main.c:1112:13:MX_USART2_UART_Init	2
../Core/Src/main.c:1147:13:MX_GPIO_Init	1
../Core/Src/main.c:1209:6:Error_Handler	1
