../Core/Src/main.c:100:9:decToBcd	16	static
../Core/Src/main.c:105:5:bcdToDec	16	static
../Core/Src/main.c:123:6:Set_Time	48	static
../Core/Src/main.c:137:6:Get_Time	32	static
../Core/Src/main.c:150:7:Get_Temp	40	static
../Core/Src/main.c:159:6:force_temp_conv	32	static
../Core/Src/main.c:174:6:handle_selection	8	static
../Core/Src/main.c:190:6:display_menu	8	static
../Core/Src/main.c:212:6:mostrar_reloj	24	static
../Core/Src/main.c:245:6:configurar_hora_riego	24	static
../Core/Src/main.c:342:6:modo_automatico	24	static
../Core/Src/main.c:437:6:modo_manual	16	static
../Core/Src/main.c:466:6:configurar_tiempo	32	static
../Core/Src/main.c:574:6:verificar_tiempo_riego	16	static
../Core/Src/main.c:586:6:activar_bomba	8	static
../Core/Src/main.c:595:6:desactivar_bomba	8	static
../Core/Src/main.c:603:9:leer_humedad	8	static
../Core/Src/main.c:617:6:actualizar_estado	16	static
../Core/Src/main.c:626:6:configurar_rtc	72	static
../Core/Src/main.c:805:5:main	48	static
../Core/Src/main.c:1016:6:SystemClock_Config	120	static
../Core/Src/main.c:1064:13:MX_I2C1_Init	8	static
../Core/Src/main.c:1112:13:MX_USART2_UART_Init	8	static
../Core/Src/main.c:1147:13:MX_GPIO_Init	48	static
../Core/Src/main.c:1209:6:Error_Handler	4	static,ignoring_inline_asm
