../Core/Src/main.c:96:6:delay	16	static
../Core/Src/main.c:107:6:read_keypad	8	static
../Core/Src/main.c:239:5:main	40	static
../Core/Src/main.c:402:6:SystemClock_Config	120	static
../Core/Src/main.c:453:13:MX_I2C1_Init	8	static
../Core/Src/main.c:501:13:MX_TIM1_Init	112	static
../Core/Src/main.c:581:13:MX_TIM2_Init	40	static
../Core/Src/main.c:626:13:MX_TIM15_Init	40	static
../Core/Src/main.c:672:13:MX_USART2_UART_Init	8	static
../Core/Src/main.c:707:13:MX_GPIO_Init	48	static
../Core/Src/main.c:778:6:Error_Handler	4	static,ignoring_inline_asm
