14:48:21 **** Incremental Build of configuration Debug for project 001HELLOWORLD ****
make -j16 all 
arm-none-eabi-gcc "../Src/main.c" -mcpu=cortex-m4 -std=gnu11 -g3 -DDEBUG -DSTM32 -DSTM32F302R8Tx -DSTM32F3 -DNUCLEO_F302R8 -c -I../Inc -O0 -ffunction-sections -fdata-sections -Wall -fstack-usage -fcyclomatic-complexity -MMD -MP -MF"Src/main.d" -MT"Src/main.o" --specs=nano.specs -mfloat-abi=soft -mthumb -o "Src/main.o"
arm-none-eabi-gcc -o "001HELLOWORLD.elf" @"objects.list"   -mcpu=cortex-m4 -T"C:\Users\thitt\OneDrive\Documentos\GitHub\STM32CubeIDE\workspace_1.14.1\001HELLOWORLD\STM32F302R8TX_FLASH.ld" --specs=nosys.specs -Wl,-Map="001HELLOWORLD.map" -Wl,--gc-sections -static --specs=nano.specs -mfloat-abi=soft -mthumb -Wl,--start-group -lc -lm -Wl,--end-group
Finished building target: 001HELLOWORLD.elf
 
arm-none-eabi-size  001HELLOWORLD.elf 
arm-none-eabi-objdump -h -S 001HELLOWORLD.elf  > "001HELLOWORLD.list"
   text	   data	    bss	    dec	    hex	filename
   3272	    100	   1900	   5272	   1498	001HELLOWORLD.elf
Finished building: default.size.stdout
 
Finished building: 001HELLOWORLD.list
 

14:48:22 Build Finished. 0 errors, 0 warnings. (took 675ms)

