19:49:58 **** Incremental Build of configuration Debug for project digitalproyectofinal ****
make -j16 all 
arm-none-eabi-gcc "../Core/Src/main.c" -mcpu=cortex-m4 -std=gnu11 -g3 -DDEBUG -DUSE_HAL_DRIVER -DSTM32F302x8 -c -I../Core/Inc -I../Drivers/STM32F3xx_HAL_Driver/Inc -I../Drivers/STM32F3xx_HAL_Driver/Inc/Legacy -I../Drivers/CMSIS/Device/ST/STM32F3xx/Include -I../Drivers/CMSIS/Include -O0 -ffunction-sections -fdata-sections -Wall -fstack-usage -fcyclomatic-complexity -MMD -MP -MF"Core/Src/main.d" -MT"Core/Src/main.o" --specs=nano.specs -mfpu=fpv4-sp-d16 -mfloat-abi=hard -mthumb -o "Core/Src/main.o"
arm-none-eabi-gcc -o "digitalproyectofinal.elf" @"objects.list"   -mcpu=cortex-m4 -T"C:\Users\thitt\OneDrive\Documentos\GitHub\STM32CubeIDE\workspace_1.14.1\digitalproyectofinal\STM32F302R8TX_FLASH.ld" --specs=nosys.specs -Wl,-Map="digitalproyectofinal.map" -Wl,--gc-sections -static --specs=nano.specs -mfpu=fpv4-sp-d16 -mfloat-abi=hard -mthumb -Wl,--start-group -lc -lm -Wl,--end-group
Finished building target: digitalproyectofinal.elf
 
arm-none-eabi-size  digitalproyectofinal.elf 
arm-none-eabi-objdump -h -S digitalproyectofinal.elf  > "digitalproyectofinal.list"
   text	   data	    bss	    dec	    hex	filename
  15444	     20	   1796	  17260	   436c	digitalproyectofinal.elf
Finished building: default.size.stdout
 
Finished building: digitalproyectofinal.list
 

19:49:59 Build Finished. 0 errors, 0 warnings. (took 751ms)

