19:20:39 **** Incremental Build of configuration Debug for project BRINK ****
make -j16 all 
arm-none-eabi-gcc "../Core/Src/main.c" -mcpu=cortex-m4 -std=gnu11 -g3 -DDEBUG -DUSE_HAL_DRIVER -DSTM32F302x8 -c -I../Core/Inc -I../Drivers/STM32F3xx_HAL_Driver/Inc -I../Drivers/STM32F3xx_HAL_Driver/Inc/Legacy -I../Drivers/CMSIS/Device/ST/STM32F3xx/Include -I../Drivers/CMSIS/Include -O0 -ffunction-sections -fdata-sections -Wall -fstack-usage -fcyclomatic-complexity -MMD -MP -MF"Core/Src/main.d" -MT"Core/Src/main.o" --specs=nano.specs -mfpu=fpv4-sp-d16 -mfloat-abi=hard -mthumb -o "Core/Src/main.o"
arm-none-eabi-gcc -o "BRINK.elf" @"objects.list"   -mcpu=cortex-m4 -T"C:\Users\thitt\OneDrive\Documentos\GitHub\STM32CubeIDE\workspace_1.14.1\brink\STM32F302R8TX_FLASH.ld" --specs=nosys.specs -Wl,-Map="BRINK.map" -Wl,--gc-sections -static --specs=nano.specs -mfpu=fpv4-sp-d16 -mfloat-abi=hard -mthumb -Wl,--start-group -lc -lm -Wl,--end-group
Finished building target: BRINK.elf
 
arm-none-eabi-size  BRINK.elf 
arm-none-eabi-objdump -h -S BRINK.elf  > "BRINK.list"
   text	   data	    bss	    dec	    hex	filename
  10264	     20	   1708	  11992	   2ed8	BRINK.elf
Finished building: default.size.stdout
 
Finished building: BRINK.list
 
19:21:04 **** Incremental Build of configuration Debug for project BRINK ****
make -j16 all 
arm-none-eabi-size  BRINK.elf 
   text	   data	    bss	    dec	    hex	filename
  10264	     20	   1708	  11992	   2ed8	BRINK.elf
Finished building: default.size.stdout
 
19:21:33 **** Incremental Build of configuration Debug for project BRINK ****
make -j16 all 
arm-none-eabi-size  BRINK.elf 
   text	   data	    bss	    dec	    hex	filename
  10264	     20	   1708	  11992	   2ed8	BRINK.elf
Finished building: default.size.stdout
 
19:21:58 **** Incremental Build of configuration Debug for project BRINK ****
make -j16 all 
arm-none-eabi-gcc "../Core/Src/main.c" -mcpu=cortex-m4 -std=gnu11 -g3 -DDEBUG -DUSE_HAL_DRIVER -DSTM32F302x8 -c -I../Core/Inc -I../Drivers/STM32F3xx_HAL_Driver/Inc -I../Drivers/STM32F3xx_HAL_Driver/Inc/Legacy -I../Drivers/CMSIS/Device/ST/STM32F3xx/Include -I../Drivers/CMSIS/Include -O0 -ffunction-sections -fdata-sections -Wall -fstack-usage -fcyclomatic-complexity -MMD -MP -MF"Core/Src/main.d" -MT"Core/Src/main.o" --specs=nano.specs -mfpu=fpv4-sp-d16 -mfloat-abi=hard -mthumb -o "Core/Src/main.o"
arm-none-eabi-gcc -o "BRINK.elf" @"objects.list"   -mcpu=cortex-m4 -T"C:\Users\thitt\OneDrive\Documentos\GitHub\STM32CubeIDE\workspace_1.14.1\brink\STM32F302R8TX_FLASH.ld" --specs=nosys.specs -Wl,-Map="BRINK.map" -Wl,--gc-sections -static --specs=nano.specs -mfpu=fpv4-sp-d16 -mfloat-abi=hard -mthumb -Wl,--start-group -lc -lm -Wl,--end-group
Finished building target: BRINK.elf
 
arm-none-eabi-size  BRINK.elf 
arm-none-eabi-objdump -h -S BRINK.elf  > "BRINK.list"
   text	   data	    bss	    dec	    hex	filename
  10264	     20	   1708	  11992	   2ed8	BRINK.elf
Finished building: default.size.stdout
 
Finished building: BRINK.list
 
19:22:26 **** Incremental Build of configuration Debug for project BRINK ****
make -j16 all 
arm-none-eabi-gcc "../Core/Src/main.c" -mcpu=cortex-m4 -std=gnu11 -g3 -DDEBUG -DUSE_HAL_DRIVER -DSTM32F302x8 -c -I../Core/Inc -I../Drivers/STM32F3xx_HAL_Driver/Inc -I../Drivers/STM32F3xx_HAL_Driver/Inc/Legacy -I../Drivers/CMSIS/Device/ST/STM32F3xx/Include -I../Drivers/CMSIS/Include -O0 -ffunction-sections -fdata-sections -Wall -fstack-usage -fcyclomatic-complexity -MMD -MP -MF"Core/Src/main.d" -MT"Core/Src/main.o" --specs=nano.specs -mfpu=fpv4-sp-d16 -mfloat-abi=hard -mthumb -o "Core/Src/main.o"
arm-none-eabi-gcc -o "BRINK.elf" @"objects.list"   -mcpu=cortex-m4 -T"C:\Users\thitt\OneDrive\Documentos\GitHub\STM32CubeIDE\workspace_1.14.1\brink\STM32F302R8TX_FLASH.ld" --specs=nosys.specs -Wl,-Map="BRINK.map" -Wl,--gc-sections -static --specs=nano.specs -mfpu=fpv4-sp-d16 -mfloat-abi=hard -mthumb -Wl,--start-group -lc -lm -Wl,--end-group
Finished building target: BRINK.elf
 
arm-none-eabi-size  BRINK.elf 
arm-none-eabi-objdump -h -S BRINK.elf  > "BRINK.list"
   text	   data	    bss	    dec	    hex	filename
  10268	     20	   1708	  11996	   2edc	BRINK.elf
Finished building: default.size.stdout
 
Finished building: BRINK.list
 
