11:54:34 **** Incremental Build of configuration Debug for project proyeco_final_digital ****
make -j16 all 
arm-none-eabi-gcc "../Core/Src/main.c" -mcpu=cortex-m4 -std=gnu11 -g3 -DDEBUG -DUSE_HAL_DRIVER -DSTM32F302x8 -c -I../Core/Inc -I../Drivers/STM32F3xx_HAL_Driver/Inc -I../Drivers/STM32F3xx_HAL_Driver/Inc/Legacy -I../Drivers/CMSIS/Device/ST/STM32F3xx/Include -I../Drivers/CMSIS/Include -O0 -ffunction-sections -fdata-sections -Wall -fstack-usage -fcyclomatic-complexity -MMD -MP -MF"Core/Src/main.d" -MT"Core/Src/main.o" --specs=nano.specs -mfpu=fpv4-sp-d16 -mfloat-abi=hard -mthumb -o "Core/Src/main.o"
../Core/Src/main.c: In function 'processKeyInput':
../Core/Src/main.c:357:52: warning: implicit declaration of function 'strlen' [-Wimplicit-function-declaration]
  357 |     HAL_UART_Transmit(&huart2, (uint8_t*)debugMsg, strlen(debugMsg), 100);
      |                                                    ^~~~~~
../Core/Src/main.c:27:1: note: include '<string.h>' or provide a declaration of 'strlen'
   26 | #include "keypadmodify.h"
  +++ |+#include <string.h>
   27 | 
../Core/Src/main.c:357:52: warning: incompatible implicit declaration of built-in function 'strlen' [-Wbuiltin-declaration-mismatch]
  357 |     HAL_UART_Transmit(&huart2, (uint8_t*)debugMsg, strlen(debugMsg), 100);
      |                                                    ^~~~~~
../Core/Src/main.c:357:52: note: include '<string.h>' or provide a declaration of 'strlen'
../Core/Src/main.c: In function 'main':
../Core/Src/main.c:486:51: warning: incompatible implicit declaration of built-in function 'strlen' [-Wbuiltin-declaration-mismatch]
  486 |    HAL_UART_Transmit(&huart2, (uint8_t*)startMsg, strlen(startMsg), 100);
      |                                                   ^~~~~~
../Core/Src/main.c:486:51: note: include '<string.h>' or provide a declaration of 'strlen'
../Core/Src/main.c: In function 'handleAutoMode':
../Core/Src/main.c:296:43: warning: '%3d' directive writing 3 bytes into a region of size 2 [-Wformat-overflow=]
  296 |         sprintf(statusMsg, "Auto: OFF Hum:%3d%%", porcentaje_humedad);
      |                                           ^~~
../Core/Src/main.c:296:9: note: 'sprintf' output 19 bytes into a destination of size 16
  296 |         sprintf(statusMsg, "Auto: OFF Hum:%3d%%", porcentaje_humedad);
      |         ^~~~~~~~~~~~~~~~~~~~~~~~~~~~~~~~~~~~~~~~~~~~~~~~~~~~~~~~~~~~~
../Core/Src/main.c:277:43: warning: '%3d' directive writing 3 bytes into a region of size 2 [-Wformat-overflow=]
  277 |         sprintf(statusMsg, "Auto: ON  Hum:%3d%%", porcentaje_humedad);
      |                                           ^~~
../Core/Src/main.c:277:9: note: 'sprintf' output 19 bytes into a destination of size 16
  277 |         sprintf(statusMsg, "Auto: ON  Hum:%3d%%", porcentaje_humedad);
      |         ^~~~~~~~~~~~~~~~~~~~~~~~~~~~~~~~~~~~~~~~~~~~~~~~~~~~~~~~~~~~~
../Core/Src/main.c:311:43: warning: '#=ON/OFF A=Conf <*' directive writing 18 bytes into a region of size 16 [-Wformat-overflow=]
  311 |         sprintf(timeMsg, "#=ON/OFF A=Conf <*");
      |                           ~~~~~~~~~~~~~~~~^~
../Core/Src/main.c:311:9: note: 'sprintf' output 19 bytes into a destination of size 16
  311 |         sprintf(timeMsg, "#=ON/OFF A=Conf <*");
      |         ^~~~~~~~~~~~~~~~~~~~~~~~~~~~~~~~~~~~~~
../Core/Src/main.c: In function 'handleManualWaterMode':
../Core/Src/main.c:338:43: warning: 'sprintf' writing a terminating nul past the end of the destination [-Wformat-overflow=]
  338 |         sprintf(tiempo, "Riego: %03ds   <*", tiempoRiegoRestante);
      |                                           ^
../Core/Src/main.c:338:9: note: 'sprintf' output between 17 and 19 bytes into a destination of size 16
  338 |         sprintf(tiempo, "Riego: %03ds   <*", tiempoRiegoRestante);
      |         ^~~~~~~~~~~~~~~~~~~~~~~~~~~~~~~~~~~~~~~~~~~~~~~~~~~~~~~~~
arm-none-eabi-gcc -o "proyeco_final_digital.elf" @"objects.list"   -mcpu=cortex-m4 -T"C:\Users\thitt\OneDrive\Documentos\GitHub\STM32CubeIDE\workspace_1.14.1\proyeco_final_digital\STM32F302R8TX_FLASH.ld" --specs=nosys.specs -Wl,-Map="proyeco_final_digital.map" -Wl,--gc-sections -static --specs=nano.specs -mfpu=fpv4-sp-d16 -mfloat-abi=hard -mthumb -Wl,--start-group -lc -lm -Wl,--end-group
Finished building target: proyeco_final_digital.elf
 
arm-none-eabi-size  proyeco_final_digital.elf 
arm-none-eabi-objdump -h -S proyeco_final_digital.elf  > "proyeco_final_digital.list"
   text	   data	    bss	    dec	    hex	filename
  28968	    104	   2448	  31520	   7b20	proyeco_final_digital.elf
Finished building: default.size.stdout
 
Finished building: proyeco_final_digital.list
 

11:54:43 Build Finished. 0 errors, 7 warnings. (took 8s.908ms)

