../Core/Src/main.c:87:7:HAL_TIM_IC_CaptureCallback	16	static
../Core/Src/main.c:103:5:main	80	static
../Core/Src/main.c:219:6:SystemClock_Config	120	static
../Core/Src/main.c:268:13:MX_ADC1_Init	32	static
../Core/Src/main.c:325:13:MX_DAC_Init	24	static
../Core/Src/main.c:365:13:MX_TIM2_Init	56	static
../Core/Src/main.c:414:13:MX_TIM15_Init	40	static
../Core/Src/main.c:460:13:MX_USART2_UART_Init	8	static
../Core/Src/main.c:493:13:MX_DMA_Init	16	static
../Core/Src/main.c:514:13:MX_GPIO_Init	48	static
../Core/Src/main.c:554:6:Error_Handler	4	static,ignoring_inline_asm
