../Core/Src/main.c:84:7:HAL_TIM_IC_CaptureCallback	16	static
../Core/Src/main.c:99:5:main	16	static
../Core/Src/main.c:265:6:SystemClock_Config	120	static
../Core/Src/main.c:314:13:MX_ADC1_Init	32	static
../Core/Src/main.c:371:13:MX_DAC_Init	24	static
../Core/Src/main.c:411:13:MX_TIM2_Init	56	static
../Core/Src/main.c:460:13:MX_TIM15_Init	40	static
../Core/Src/main.c:506:13:MX_USART2_UART_Init	8	static
../Core/Src/main.c:539:13:MX_DMA_Init	16	static
../Core/Src/main.c:560:13:MX_GPIO_Init	48	static
../Core/Src/main.c:596:6:Error_Handler	4	static,ignoring_inline_asm
