Archive member included to satisfy reference by file (symbol)

C:/ST/STM32CubeIDE_1.14.1/STM32CubeIDE/plugins/com.st.stm32cube.ide.mcu.externaltools.gnu-tools-for-stm32.11.3.rel1.win32_1.1.100.202309141235/tools/bin/../lib/gcc/arm-none-eabi/11.3.1/../../../../arm-none-eabi/lib/thumb/v7e-m+fp/hard\libc_nano.a(libc_a-exit.o)
                              C:/ST/STM32CubeIDE_1.14.1/STM32CubeIDE/plugins/com.st.stm32cube.ide.mcu.externaltools.gnu-tools-for-stm32.11.3.rel1.win32_1.1.100.202309141235/tools/bin/../lib/gcc/arm-none-eabi/11.3.1/../../../../arm-none-eabi/lib/thumb/v7e-m+fp/hard/crt0.o (exit)
C:/ST/STM32CubeIDE_1.14.1/STM32CubeIDE/plugins/com.st.stm32cube.ide.mcu.externaltools.gnu-tools-for-stm32.11.3.rel1.win32_1.1.100.202309141235/tools/bin/../lib/gcc/arm-none-eabi/11.3.1/../../../../arm-none-eabi/lib/thumb/v7e-m+fp/hard\libc_nano.a(libc_a-findfp.o)
                              C:/ST/STM32CubeIDE_1.14.1/STM32CubeIDE/plugins/com.st.stm32cube.ide.mcu.externaltools.gnu-tools-for-stm32.11.3.rel1.win32_1.1.100.202309141235/tools/bin/../lib/gcc/arm-none-eabi/11.3.1/../../../../arm-none-eabi/lib/thumb/v7e-m+fp/hard\libc_nano.a(libc_a-exit.o) (__stdio_exit_handler)
C:/ST/STM32CubeIDE_1.14.1/STM32CubeIDE/plugins/com.st.stm32cube.ide.mcu.externaltools.gnu-tools-for-stm32.11.3.rel1.win32_1.1.100.202309141235/tools/bin/../lib/gcc/arm-none-eabi/11.3.1/../../../../arm-none-eabi/lib/thumb/v7e-m+fp/hard\libc_nano.a(libc_a-fwalk.o)
                              C:/ST/STM32CubeIDE_1.14.1/STM32CubeIDE/plugins/com.st.stm32cube.ide.mcu.externaltools.gnu-tools-for-stm32.11.3.rel1.win32_1.1.100.202309141235/tools/bin/../lib/gcc/arm-none-eabi/11.3.1/../../../../arm-none-eabi/lib/thumb/v7e-m+fp/hard\libc_nano.a(libc_a-findfp.o) (_fwalk_sglue)
C:/ST/STM32CubeIDE_1.14.1/STM32CubeIDE/plugins/com.st.stm32cube.ide.mcu.externaltools.gnu-tools-for-stm32.11.3.rel1.win32_1.1.100.202309141235/tools/bin/../lib/gcc/arm-none-eabi/11.3.1/../../../../arm-none-eabi/lib/thumb/v7e-m+fp/hard\libc_nano.a(libc_a-sprintf.o)
                              ./Core/Src/lcd.o (sprintf)
C:/ST/STM32CubeIDE_1.14.1/STM32CubeIDE/plugins/com.st.stm32cube.ide.mcu.externaltools.gnu-tools-for-stm32.11.3.rel1.win32_1.1.100.202309141235/tools/bin/../lib/gcc/arm-none-eabi/11.3.1/../../../../arm-none-eabi/lib/thumb/v7e-m+fp/hard\libc_nano.a(libc_a-stdio.o)
                              C:/ST/STM32CubeIDE_1.14.1/STM32CubeIDE/plugins/com.st.stm32cube.ide.mcu.externaltools.gnu-tools-for-stm32.11.3.rel1.win32_1.1.100.202309141235/tools/bin/../lib/gcc/arm-none-eabi/11.3.1/../../../../arm-none-eabi/lib/thumb/v7e-m+fp/hard\libc_nano.a(libc_a-findfp.o) (__sread)
C:/ST/STM32CubeIDE_1.14.1/STM32CubeIDE/plugins/com.st.stm32cube.ide.mcu.externaltools.gnu-tools-for-stm32.11.3.rel1.win32_1.1.100.202309141235/tools/bin/../lib/gcc/arm-none-eabi/11.3.1/../../../../arm-none-eabi/lib/thumb/v7e-m+fp/hard\libc_nano.a(libc_a-memset.o)
                              C:/ST/STM32CubeIDE_1.14.1/STM32CubeIDE/plugins/com.st.stm32cube.ide.mcu.externaltools.gnu-tools-for-stm32.11.3.rel1.win32_1.1.100.202309141235/tools/bin/../lib/gcc/arm-none-eabi/11.3.1/../../../../arm-none-eabi/lib/thumb/v7e-m+fp/hard/crt0.o (memset)
C:/ST/STM32CubeIDE_1.14.1/STM32CubeIDE/plugins/com.st.stm32cube.ide.mcu.externaltools.gnu-tools-for-stm32.11.3.rel1.win32_1.1.100.202309141235/tools/bin/../lib/gcc/arm-none-eabi/11.3.1/../../../../arm-none-eabi/lib/thumb/v7e-m+fp/hard\libc_nano.a(libc_a-closer.o)
                              C:/ST/STM32CubeIDE_1.14.1/STM32CubeIDE/plugins/com.st.stm32cube.ide.mcu.externaltools.gnu-tools-for-stm32.11.3.rel1.win32_1.1.100.202309141235/tools/bin/../lib/gcc/arm-none-eabi/11.3.1/../../../../arm-none-eabi/lib/thumb/v7e-m+fp/hard\libc_nano.a(libc_a-stdio.o) (_close_r)
C:/ST/STM32CubeIDE_1.14.1/STM32CubeIDE/plugins/com.st.stm32cube.ide.mcu.externaltools.gnu-tools-for-stm32.11.3.rel1.win32_1.1.100.202309141235/tools/bin/../lib/gcc/arm-none-eabi/11.3.1/../../../../arm-none-eabi/lib/thumb/v7e-m+fp/hard\libc_nano.a(libc_a-reent.o)
                              C:/ST/STM32CubeIDE_1.14.1/STM32CubeIDE/plugins/com.st.stm32cube.ide.mcu.externaltools.gnu-tools-for-stm32.11.3.rel1.win32_1.1.100.202309141235/tools/bin/../lib/gcc/arm-none-eabi/11.3.1/../../../../arm-none-eabi/lib/thumb/v7e-m+fp/hard\libc_nano.a(libc_a-closer.o) (errno)
C:/ST/STM32CubeIDE_1.14.1/STM32CubeIDE/plugins/com.st.stm32cube.ide.mcu.externaltools.gnu-tools-for-stm32.11.3.rel1.win32_1.1.100.202309141235/tools/bin/../lib/gcc/arm-none-eabi/11.3.1/../../../../arm-none-eabi/lib/thumb/v7e-m+fp/hard\libc_nano.a(libc_a-impure.o)
                              C:/ST/STM32CubeIDE_1.14.1/STM32CubeIDE/plugins/com.st.stm32cube.ide.mcu.externaltools.gnu-tools-for-stm32.11.3.rel1.win32_1.1.100.202309141235/tools/bin/../lib/gcc/arm-none-eabi/11.3.1/../../../../arm-none-eabi/lib/thumb/v7e-m+fp/hard\libc_nano.a(libc_a-sprintf.o) (_impure_ptr)
[...]
Memory Configuration

Name             Origin             Length             Attributes
RAM              0x0000000020000000 0x0000000000004000 xrw
FLASH            0x0000000008000000 0x0000000000010000 xr
*default*        0x0000000000000000 0xffffffffffffffff

Linker script and memory map

LOAD C:/ST/STM32CubeIDE_1.14.1/STM32CubeIDE/plugins/com.st.stm32cube.ide.mcu.externaltools.gnu-tools-for-stm32.11.3.rel1.win32_1.1.100.202309141235/tools/bin/../lib/gcc/arm-none-eabi/11.3.1/thumb/v7e-m+fp/hard/crti.o
LOAD C:/ST/STM32CubeIDE_1.14.1/STM32CubeIDE/plugins/com.st.stm32cube.ide.mcu.externaltools.gnu-tools-for-stm32.11.3.rel1.win32_1.1.100.202309141235/tools/bin/../lib/gcc/arm-none-eabi/11.3.1/thumb/v7e-m+fp/hard/crtbegin.o
LOAD C:/ST/STM32CubeIDE_1.14.1/STM32CubeIDE/plugins/com.st.stm32cube.ide.mcu.externaltools.gnu-tools-for-stm32.11.3.rel1.win32_1.1.100.202309141235/tools/bin/../lib/gcc/arm-none-eabi/11.3.1/../../../../arm-none-eabi/lib/thumb/v7e-m+fp/hard/crt0.o
LOAD ./Core/Src/keypadmodify.o
LOAD ./Core/Src/lcd.o
LOAD ./Core/Src/main.o
LOAD ./Core/Src/stm32f3xx_hal_msp.o
LOAD ./Core/Src/stm32f3xx_it.o
LOAD ./Core/Src/syscalls.o
LOAD ./Core/Src/sysmem.o
LOAD ./Core/Src/system_stm32f3xx.o
LOAD ./Core/Startup/startup_stm32f302r8tx.o
LOAD ./Drivers/STM32F3xx_HAL_Driver/Src/stm32f3xx_hal.o
LOAD ./Drivers/STM32F3xx_HAL_Driver/Src/stm32f3xx_hal_adc.o
LOAD ./Drivers/STM32F3xx_HAL_Driver/Src/stm32f3xx_hal_adc_ex.o
LOAD ./Drivers/STM32F3xx_HAL_Driver/Src/stm32f3xx_hal_cortex.o
LOAD ./Drivers/STM32F3xx_HAL_Driver/Src/stm32f3xx_hal_dma.o
LOAD ./Drivers/STM32F3xx_HAL_Driver/Src/stm32f3xx_hal_exti.o
LOAD ./Drivers/STM32F3xx_HAL_Driver/Src/stm32f3xx_hal_flash.o
LOAD ./Drivers/STM32F3xx_HAL_Driver/Src/stm32f3xx_hal_flash_ex.o
LOAD ./Drivers/STM32F3xx_HAL_Driver/Src/stm32f3xx_hal_gpio.o
LOAD ./Drivers/STM32F3xx_HAL_Driver/Src/stm32f3xx_hal_i2c.o
LOAD ./Drivers/STM32F3xx_HAL_Driver/Src/stm32f3xx_hal_i2c_ex.o
LOAD ./Drivers/STM32F3xx_HAL_Driver/Src/stm32f3xx_hal_pwr.o
LOAD ./Drivers/STM32F3xx_HAL_Driver/Src/stm32f3xx_hal_pwr_ex.o
LOAD ./Drivers/STM32F3xx_HAL_Driver/Src/stm32f3xx_hal_rcc.o
LOAD ./Drivers/STM32F3xx_HAL_Driver/Src/stm32f3xx_hal_rcc_ex.o
LOAD ./Drivers/STM32F3xx_HAL_Driver/Src/stm32f3xx_hal_rtc.o
LOAD ./Drivers/STM32F3xx_HAL_Driver/Src/stm32f3xx_hal_rtc_ex.o
LOAD ./Drivers/STM32F3xx_HAL_Driver/Src/stm32f3xx_hal_tim.o
LOAD ./Drivers/STM32F3xx_HAL_Driver/Src/stm32f3xx_hal_tim_ex.o
LOAD ./Drivers/STM32F3xx_HAL_Driver/Src/stm32f3xx_hal_uart.o
LOAD ./Drivers/STM32F3xx_HAL_Driver/Src/stm32f3xx_hal_uart_ex.o
START GROUP
LOAD C:/ST/STM32CubeIDE_1.14.1/STM32CubeIDE/plugins/com.st.stm32cube.ide.mcu.externaltools.gnu-tools-for-stm32.11.3.rel1.win32_1.1.100.202309141235/tools/bin/../lib/gcc/arm-none-eabi/11.3.1/../../../../arm-none-eabi/lib/thumb/v7e-m+fp/hard\libc_nano.a
LOAD C:/ST/STM32CubeIDE_1.14.1/STM32CubeIDE/plugins/com.st.stm32cube.ide.mcu.externaltools.gnu-tools-for-stm32.11.3.rel1.win32_1.1.100.202309141235/tools/bin/../lib/gcc/arm-none-eabi/11.3.1/../../../../arm-none-eabi/lib/thumb/v7e-m+fp/hard\libm.a
END GROUP
START GROUP
LOAD C:/ST/STM32CubeIDE_1.14.1/STM32CubeIDE/plugins/com.st.stm32cube.ide.mcu.externaltools.gnu-tools-for-stm32.11.3.rel1.win32_1.1.100.202309141235/tools/bin/../lib/gcc/arm-none-eabi/11.3.1/thumb/v7e-m+fp/hard\libgcc.a
LOAD C:/ST/STM32CubeIDE_1.14.1/STM32CubeIDE/plugins/com.st.stm32cube.ide.mcu.externaltools.gnu-tools-for-stm32.11.3.rel1.win32_1.1.100.202309141235/tools/bin/../lib/gcc/arm-none-eabi/11.3.1/../../../../arm-none-eabi/lib/thumb/v7e-m+fp/hard\libc_nano.a
END GROUP
START GROUP
LOAD C:/ST/STM32CubeIDE_1.14.1/STM32CubeIDE/plugins/com.st.stm32cube.ide.mcu.externaltools.gnu-tools-for-stm32.11.3.rel1.win32_1.1.100.202309141235/tools/bin/../lib/gcc/arm-none-eabi/11.3.1/thumb/v7e-m+fp/hard\libgcc.a
LOAD C:/ST/STM32CubeIDE_1.14.1/STM32CubeIDE/plugins/com.st.stm32cube.ide.mcu.externaltools.gnu-tools-for-stm32.11.3.rel1.win32_1.1.100.202309141235/tools/bin/../lib/gcc/arm-none-eabi/11.3.1/../../../../arm-none-eabi/lib/thumb/v7e-m+fp/hard\libc_nano.a
LOAD C:/ST/STM32CubeIDE_1.14.1/STM32CubeIDE/plugins/com.st.stm32cube.ide.mcu.externaltools.gnu-tools-for-stm32.11.3.rel1.win32_1.1.100.202309141235/tools/bin/../lib/gcc/arm-none-eabi/11.3.1/../../../../arm-none-eabi/lib/thumb/v7e-m+fp/hard\libnosys.a
END GROUP
START GROUP
LOAD C:/ST/STM32CubeIDE_1.14.1/STM32CubeIDE/plugins/com.st.stm32cube.ide.mcu.externaltools.gnu-tools-for-stm32.11.3.rel1.win32_1.1.100.202309141235/tools/bin/../lib/gcc/arm-none-eabi/11.3.1/thumb/v7e-m+fp/hard\libgcc.a
LOAD C:/ST/STM32CubeIDE_1.14.1/STM32CubeIDE/plugins/com.st.stm32cube.ide.mcu.externaltools.gnu-tools-for-stm32.11.3.rel1.win32_1.1.100.202309141235/tools/bin/../lib/gcc/arm-none-eabi/11.3.1/../../../../arm-none-eabi/lib/thumb/v7e-m+fp/hard\libc_nano.a
LOAD C:/ST/STM32CubeIDE_1.14.1/STM32CubeIDE/plugins/com.st.stm32cube.ide.mcu.externaltools.gnu-tools-for-stm32.11.3.rel1.win32_1.1.100.202309141235/tools/bin/../lib/gcc/arm-none-eabi/11.3.1/../../../../arm-none-eabi/lib/thumb/v7e-m+fp/hard\libnosys.a
END GROUP
LOAD C:/ST/STM32CubeIDE_1.14.1/STM32CubeIDE/plugins/com.st.stm32cube.ide.mcu.externaltools.gnu-tools-for-stm32.11.3.rel1.win32_1.1.100.202309141235/tools/bin/../lib/gcc/arm-none-eabi/11.3.1/thumb/v7e-m+fp/hard/crtend.o
LOAD C:/ST/STM32CubeIDE_1.14.1/STM32CubeIDE/plugins/com.st.stm32cube.ide.mcu.externaltools.gnu-tools-for-stm32.11.3.rel1.win32_1.1.100.202309141235/tools/bin/../lib/gcc/arm-none-eabi/11.3.1/thumb/v7e-m+fp/hard/crtn.o
                0x0000000020004000                _estack = (ORIGIN (RAM) + LENGTH (RAM))
                0x0000000000000200                _Min_Heap_Size = 0x200
                0x0000000000000400                _Min_Stack_Size = 0x400

.isr_vector     0x0000000008000000      0x188
                0x0000000008000000                . = ALIGN (0x4)
 *(.isr_vector)
 .isr_vector    0x0000000008000000      0x188 ./Core/Startup/startup_stm32f302r8tx.o
                0x0000000008000000                g_pfnVectors
                0x0000000008000188                . = ALIGN (0x4)

.text           0x0000000008000190     0x6df8
                0x0000000008000190                . = ALIGN (0x4)
 *(.text)
 .text          0x0000000008000190       0x40 C:/ST/STM32CubeIDE_1.14.1/STM32CubeIDE/plugins/com.st.stm32cube.ide.mcu.externaltools.gnu-tools-for-stm32.11.3.rel1.win32_1.1.100.202309141235/tools/bin/../lib/gcc/arm-none-eabi/11.3.1/thumb/v7e-m+fp/hard/crtbegin.o
 .text          0x00000000080001d0       0x10 C:/ST/STM32CubeIDE_1.14.1/STM32CubeIDE/plugins/com.st.stm32cube.ide.mcu.externaltools.gnu-tools-for-stm32.11.3.rel1.win32_1.1.100.202309141235/tools/bin/../lib/gcc/arm-none-eabi/11.3.1/../../../../arm-none-eabi/lib/thumb/v7e-m+fp/hard\libc_nano.a(libc_a-strlen.o)
                0x00000000080001d0                strlen
 .text          0x00000000080001e0       0xa0 C:/ST/STM32CubeIDE_1.14.1/STM32CubeIDE/plugins/com.st.stm32cube.ide.mcu.externaltools.gnu-tools-for-stm32.11.3.rel1.win32_1.1.100.202309141235/tools/bin/../lib/gcc/arm-none-eabi/11.3.1/../../../../arm-none-eabi/lib/thumb/v7e-m+fp/hard\libc_nano.a(libc_a-memchr.o)
                0x00000000080001e0                memchr
 *(.text*)
 .text.Keypad_Get_Char
                0x0000000008000280      0x134 ./Core/Src/keypadmodify.o
                0x0000000008000280                Keypad_Get_Char
 .text.lcd_send_cmd
                0x00000000080003b4       0x60 ./Core/Src/lcd.o
                0x00000000080003b4                lcd_send_cmd
 .text.lcd_send_data
                0x0000000008000414       0x60 ./Core/Src/lcd.o
                0x0000000008000414                lcd_send_data
 .text.lcd_clear
                0x0000000008000474       0x2e ./Core/Src/lcd.o
                0x0000000008000474                lcd_clear
 .text.lcd_put_cur
                0x00000000080004a2       0x3e ./Core/Src/lcd.o
                0x00000000080004a2                lcd_put_cur
 .text.lcd_init
                0x00000000080004e0       0x7a ./Core/Src/lcd.o
                0x00000000080004e0                lcd_init
 .text.lcd_send_string
                0x000000000800055a       0x2a ./Core/Src/lcd.o
                0x000000000800055a                lcd_send_string
 .text.calcularPorcentajeHumedad
                0x0000000008000584       0x58 ./Core/Src/main.o
                0x0000000008000584                calcularPorcentajeHumedad
 .text.verificarHumedadYRegar
                0x00000000080005dc       0x64 ./Core/Src/main.o
                0x00000000080005dc                verificarHumedadYRegar
 .text.set_time
                0x0000000008000640       0x5c ./Core/Src/main.o
                0x0000000008000640                set_time
 .text.set_date
                0x000000000800069c       0x64 ./Core/Src/main.o
                0x000000000800069c                set_date
 .text.get_time_date
                0x0000000008000700       0x6c ./Core/Src/main.o
                0x0000000008000700                get_time_date
 .text.HAL_RTC_AlarmAEventCallback
                0x000000000800076c       0x1c ./Core/Src/main.o
                0x000000000800076c                HAL_RTC_AlarmAEventCallback
 .text.activarBomba
                0x0000000008000788       0x3c ./Core/Src/main.o
                0x0000000008000788                activarBomba
 .text.desactivarBomba
                0x00000000080007c4       0x24 ./Core/Src/main.o
                0x00000000080007c4                desactivarBomba
 .text.displayMenu
                0x00000000080007e8       0x30 ./Core/Src/main.o
                0x00000000080007e8                displayMenu
 .text.handleClockMode
                0x0000000008000818       0x4c ./Core/Src/main.o
                0x0000000008000818                handleClockMode
 .text.handleAutoMode
                0x0000000008000864      0x178 ./Core/Src/main.o
                0x0000000008000864                handleAutoMode
 .text.handleManualWaterMode
                0x00000000080009dc       0xd0 ./Core/Src/main.o
                0x00000000080009dc                handleManualWaterMode
 .text.processKeyInput
                0x0000000008000aac      0x230 ./Core/Src/main.o
                0x0000000008000aac                processKeyInput
 .text.main     0x0000000008000cdc      0x1b0 ./Core/Src/main.o
                0x0000000008000cdc                main
 .text.SystemClock_Config
                0x0000000008000e8c       0xd0 ./Core/Src/main.o
                0x0000000008000e8c                SystemClock_Config
 .text.MX_ADC1_Init
                0x0000000008000f5c       0xb8 ./Core/Src/main.o
 .text.MX_I2C1_Init
                0x0000000008001014       0x80 ./Core/Src/main.o
 .text.MX_RTC_Init
                0x0000000008001094      0x118 ./Core/Src/main.o
 .text.MX_TIM1_Init
                0x00000000080011ac       0xa8 ./Core/Src/main.o
 .text.MX_USART2_UART_Init
                0x0000000008001254       0x60 ./Core/Src/main.o
 .text.MX_DMA_Init
                0x00000000080012b4       0x3c ./Core/Src/main.o
 .text.MX_GPIO_Init
                0x00000000080012f0      0x14c ./Core/Src/main.o
 .text.Error_Handler
                0x000000000800143c        0xa ./Core/Src/main.o
                0x000000000800143c                Error_Handler
 *fill*         0x0000000008001446        0x2 
 .text.HAL_MspInit
                0x0000000008001448       0x48 ./Core/Src/stm32f3xx_hal_msp.o
                0x0000000008001448                HAL_MspInit
 .text.HAL_ADC_MspInit
                0x0000000008001490       0xd0 ./Core/Src/stm32f3xx_hal_msp.o
                0x0000000008001490                HAL_ADC_MspInit
 .text.HAL_I2C_MspInit
                0x0000000008001560       0x88 ./Core/Src/stm32f3xx_hal_msp.o
                0x0000000008001560                HAL_I2C_MspInit
 .text.HAL_RTC_MspInit
                0x00000000080015e8       0x58 ./Core/Src/stm32f3xx_hal_msp.o
                0x00000000080015e8                HAL_RTC_MspInit
 .text.HAL_TIM_Base_MspInit
                0x0000000008001640       0x40 ./Core/Src/stm32f3xx_hal_msp.o
                0x0000000008001640                HAL_TIM_Base_MspInit
 .text.HAL_UART_MspInit
                0x0000000008001680       0x84 ./Core/Src/stm32f3xx_hal_msp.o
                0x0000000008001680                HAL_UART_MspInit
 .text.NMI_Handler
                0x0000000008001704        0x6 ./Core/Src/stm32f3xx_it.o
                0x0000000008001704                NMI_Handler
 .text.HardFault_Handler
                0x000000000800170a        0x6 ./Core/Src/stm32f3xx_it.o
                0x000000000800170a                HardFault_Handler
 .text.MemManage_Handler
                0x0000000008001710        0x6 ./Core/Src/stm32f3xx_it.o
                0x0000000008001710                MemManage_Handler
 .text.BusFault_Handler
                0x0000000008001716        0x6 ./Core/Src/stm32f3xx_it.o
                0x0000000008001716                BusFault_Handler
 .text.UsageFault_Handler
                0x000000000800171c        0x6 ./Core/Src/stm32f3xx_it.o
                0x000000000800171c                UsageFault_Handler
 .text.SVC_Handler
                0x0000000008001722        0xe ./Core/Src/stm32f3xx_it.o
                0x0000000008001722                SVC_Handler
 .text.DebugMon_Handler
                0x0000000008001730        0xe ./Core/Src/stm32f3xx_it.o
                0x0000000008001730                DebugMon_Handler
 .text.PendSV_Handler
                0x000000000800173e        0xe ./Core/Src/stm32f3xx_it.o
                0x000000000800173e                PendSV_Handler
 .text.SysTick_Handler
                0x000000000800174c        0xc ./Core/Src/stm32f3xx_it.o
                0x000000000800174c                SysTick_Handler
 .text.DMA1_Channel1_IRQHandler
                0x0000000008001758       0x14 ./Core/Src/stm32f3xx_it.o
                0x0000000008001758                DMA1_Channel1_IRQHandler
 .text.RTC_Alarm_IRQHandler
                0x000000000800176c       0x14 ./Core/Src/stm32f3xx_it.o
                0x000000000800176c                RTC_Alarm_IRQHandler
 .text._sbrk    0x0000000008001780       0x6c ./Core/Src/sysmem.o
                0x0000000008001780                _sbrk
 .text.SystemInit
                0x00000000080017ec       0x24 ./Core/Src/system_stm32f3xx.o
                0x00000000080017ec                SystemInit
 .text.Reset_Handler
                0x0000000008001810       0x50 ./Core/Startup/startup_stm32f302r8tx.o
                0x0000000008001810                Reset_Handler
 .text.Default_Handler
                0x0000000008001860        0x2 ./Core/Startup/startup_stm32f302r8tx.o
                0x0000000008001860                TIM1_CC_IRQHandler
                0x0000000008001860                USB_HP_IRQHandler
                0x0000000008001860                PVD_IRQHandler
                0x0000000008001860                TAMP_STAMP_IRQHandler
                0x0000000008001860                EXTI3_IRQHandler
                0x0000000008001860                I2C3_ER_IRQHandler
                0x0000000008001860                USB_HP_CAN_TX_IRQHandler
                0x0000000008001860                EXTI0_IRQHandler
                0x0000000008001860                I2C2_EV_IRQHandler
                0x0000000008001860                FPU_IRQHandler
                0x0000000008001860                TIM1_UP_TIM16_IRQHandler
                0x0000000008001860                CAN_SCE_IRQHandler
                0x0000000008001860                TIM6_DAC_IRQHandler
                0x0000000008001860                DMA1_Channel4_IRQHandler
                0x0000000008001860                ADC1_IRQHandler
                0x0000000008001860                USART3_IRQHandler
                0x0000000008001860                DMA1_Channel7_IRQHandler
                0x0000000008001860                CAN_RX1_IRQHandler
                0x0000000008001860                I2C1_EV_IRQHandler
                0x0000000008001860                DMA1_Channel6_IRQHandler
                0x0000000008001860                RCC_IRQHandler
                0x0000000008001860                Default_Handler
                0x0000000008001860                USBWakeUp_RMP_IRQHandler
                0x0000000008001860                EXTI15_10_IRQHandler
                0x0000000008001860                COMP2_IRQHandler
                0x0000000008001860                I2C3_EV_IRQHandler
                0x0000000008001860                EXTI9_5_IRQHandler
                0x0000000008001860                RTC_WKUP_IRQHandler
                0x0000000008001860                SPI2_IRQHandler
                0x0000000008001860                USB_LP_CAN_RX0_IRQHandler
                0x0000000008001860                DMA1_Channel5_IRQHandler
                0x0000000008001860                USB_LP_IRQHandler
                0x0000000008001860                EXTI4_IRQHandler
                0x0000000008001860                TIM1_TRG_COM_TIM17_IRQHandler
                0x0000000008001860                DMA1_Channel3_IRQHandler
                0x0000000008001860                WWDG_IRQHandler
                0x0000000008001860                TIM2_IRQHandler
                0x0000000008001860                EXTI1_IRQHandler
                0x0000000008001860                COMP4_6_IRQHandler
                0x0000000008001860                USART2_IRQHandler
                0x0000000008001860                I2C2_ER_IRQHandler
                0x0000000008001860                DMA1_Channel2_IRQHandler
                0x0000000008001860                FLASH_IRQHandler
                0x0000000008001860                USART1_IRQHandler
                0x0000000008001860                SPI3_IRQHandler
                0x0000000008001860                I2C1_ER_IRQHandler
                0x0000000008001860                USBWakeUp_IRQHandler
                0x0000000008001860                EXTI2_TSC_IRQHandler
                0x0000000008001860                TIM1_BRK_TIM15_IRQHandler
 *fill*         0x0000000008001862        0x2 
 .text.HAL_Init
                0x0000000008001864       0x2c ./Drivers/STM32F3xx_HAL_Driver/Src/stm32f3xx_hal.o
                0x0000000008001864                HAL_Init
 .text.HAL_InitTick
                0x0000000008001890       0x60 ./Drivers/STM32F3xx_HAL_Driver/Src/stm32f3xx_hal.o
                0x0000000008001890                HAL_InitTick
 .text.HAL_IncTick
                0x00000000080018f0       0x28 ./Drivers/STM32F3xx_HAL_Driver/Src/stm32f3xx_hal.o
                0x00000000080018f0                HAL_IncTick
 .text.HAL_GetTick
                0x0000000008001918       0x18 ./Drivers/STM32F3xx_HAL_Driver/Src/stm32f3xx_hal.o
                0x0000000008001918                HAL_GetTick
 .text.HAL_Delay
                0x0000000008001930       0x48 ./Drivers/STM32F3xx_HAL_Driver/Src/stm32f3xx_hal.o
                0x0000000008001930                HAL_Delay
 .text.HAL_ADC_ConvCpltCallback
                0x0000000008001978       0x14 ./Drivers/STM32F3xx_HAL_Driver/Src/stm32f3xx_hal_adc.o
                0x0000000008001978                HAL_ADC_ConvCpltCallback
 .text.HAL_ADC_ConvHalfCpltCallback
                0x000000000800198c       0x14 ./Drivers/STM32F3xx_HAL_Driver/Src/stm32f3xx_hal_adc.o
                0x000000000800198c                HAL_ADC_ConvHalfCpltCallback
 .text.HAL_ADC_ErrorCallback
                0x00000000080019a0       0x14 ./Drivers/STM32F3xx_HAL_Driver/Src/stm32f3xx_hal_adc.o
                0x00000000080019a0                HAL_ADC_ErrorCallback
 .text.HAL_ADC_Init
                0x00000000080019b4      0x30c ./Drivers/STM32F3xx_HAL_Driver/Src/stm32f3xx_hal_adc_ex.o
                0x00000000080019b4                HAL_ADC_Init
 .text.HAL_ADC_Start_DMA
                0x0000000008001cc0      0x138 ./Drivers/STM32F3xx_HAL_Driver/Src/stm32f3xx_hal_adc_ex.o
                0x0000000008001cc0                HAL_ADC_Start_DMA
 .text.HAL_ADC_ConfigChannel
                0x0000000008001df8      0x564 ./Drivers/STM32F3xx_HAL_Driver/Src/stm32f3xx_hal_adc_ex.o
                0x0000000008001df8                HAL_ADC_ConfigChannel
 .text.ADC_DMAConvCplt
                0x000000000800235c       0x7a ./Drivers/STM32F3xx_HAL_Driver/Src/stm32f3xx_hal_adc_ex.o
 .text.ADC_DMAHalfConvCplt
                0x00000000080023d6       0x1c ./Drivers/STM32F3xx_HAL_Driver/Src/stm32f3xx_hal_adc_ex.o
 .text.ADC_DMAError
                0x00000000080023f2       0x34 ./Drivers/STM32F3xx_HAL_Driver/Src/stm32f3xx_hal_adc_ex.o
 *fill*         0x0000000008002426        0x2 
 .text.ADC_Enable
                0x0000000008002428       0xc8 ./Drivers/STM32F3xx_HAL_Driver/Src/stm32f3xx_hal_adc_ex.o
 .text.ADC_Disable
                0x00000000080024f0       0xcc ./Drivers/STM32F3xx_HAL_Driver/Src/stm32f3xx_hal_adc_ex.o
 .text.__NVIC_SetPriorityGrouping
                0x00000000080025bc       0x48 ./Drivers/STM32F3xx_HAL_Driver/Src/stm32f3xx_hal_cortex.o
 .text.__NVIC_GetPriorityGrouping
                0x0000000008002604       0x1c ./Drivers/STM32F3xx_HAL_Driver/Src/stm32f3xx_hal_cortex.o
 .text.__NVIC_EnableIRQ
                0x0000000008002620       0x3c ./Drivers/STM32F3xx_HAL_Driver/Src/stm32f3xx_hal_cortex.o
 .text.__NVIC_SetPriority
                0x000000000800265c       0x54 ./Drivers/STM32F3xx_HAL_Driver/Src/stm32f3xx_hal_cortex.o
 .text.NVIC_EncodePriority
                0x00000000080026b0       0x66 ./Drivers/STM32F3xx_HAL_Driver/Src/stm32f3xx_hal_cortex.o
 *fill*         0x0000000008002716        0x2 
 .text.SysTick_Config
                0x0000000008002718       0x44 ./Drivers/STM32F3xx_HAL_Driver/Src/stm32f3xx_hal_cortex.o
 .text.HAL_NVIC_SetPriorityGrouping
                0x000000000800275c       0x16 ./Drivers/STM32F3xx_HAL_Driver/Src/stm32f3xx_hal_cortex.o
                0x000000000800275c                HAL_NVIC_SetPriorityGrouping
 .text.HAL_NVIC_SetPriority
                0x0000000008002772       0x38 ./Drivers/STM32F3xx_HAL_Driver/Src/stm32f3xx_hal_cortex.o
                0x0000000008002772                HAL_NVIC_SetPriority
 .text.HAL_NVIC_EnableIRQ
                0x00000000080027aa       0x1c ./Drivers/STM32F3xx_HAL_Driver/Src/stm32f3xx_hal_cortex.o
                0x00000000080027aa                HAL_NVIC_EnableIRQ
 .text.HAL_SYSTICK_Config
                0x00000000080027c6       0x18 ./Drivers/STM32F3xx_HAL_Driver/Src/stm32f3xx_hal_cortex.o
                0x00000000080027c6                HAL_SYSTICK_Config
 .text.HAL_DMA_Init
                0x00000000080027de       0x8e ./Drivers/STM32F3xx_HAL_Driver/Src/stm32f3xx_hal_dma.o
                0x00000000080027de                HAL_DMA_Init
 .text.HAL_DMA_Start_IT
                0x000000000800286c       0xbe ./Drivers/STM32F3xx_HAL_Driver/Src/stm32f3xx_hal_dma.o
                0x000000000800286c                HAL_DMA_Start_IT
 .text.HAL_DMA_IRQHandler
                0x000000000800292a      0x146 ./Drivers/STM32F3xx_HAL_Driver/Src/stm32f3xx_hal_dma.o
                0x000000000800292a                HAL_DMA_IRQHandler
 .text.DMA_SetConfig
                0x0000000008002a70       0x5c ./Drivers/STM32F3xx_HAL_Driver/Src/stm32f3xx_hal_dma.o
 .text.DMA_CalcBaseAndBitshift
                0x0000000008002acc       0x40 ./Drivers/STM32F3xx_HAL_Driver/Src/stm32f3xx_hal_dma.o
 .text.HAL_GPIO_Init
                0x0000000008002b0c      0x2e4 ./Drivers/STM32F3xx_HAL_Driver/Src/stm32f3xx_hal_gpio.o
                0x0000000008002b0c                HAL_GPIO_Init
 .text.HAL_GPIO_ReadPin
                0x0000000008002df0       0x30 ./Drivers/STM32F3xx_HAL_Driver/Src/stm32f3xx_hal_gpio.o
                0x0000000008002df0                HAL_GPIO_ReadPin
 .text.HAL_GPIO_WritePin
                0x0000000008002e20       0x30 ./Drivers/STM32F3xx_HAL_Driver/Src/stm32f3xx_hal_gpio.o
                0x0000000008002e20                HAL_GPIO_WritePin
 .text.HAL_I2C_Init
                0x0000000008002e50      0x136 ./Drivers/STM32F3xx_HAL_Driver/Src/stm32f3xx_hal_i2c.o
                0x0000000008002e50                HAL_I2C_Init
 *fill*         0x0000000008002f86        0x2 
 .text.HAL_I2C_Master_Transmit
                0x0000000008002f88      0x230 ./Drivers/STM32F3xx_HAL_Driver/Src/stm32f3xx_hal_i2c.o
                0x0000000008002f88                HAL_I2C_Master_Transmit
 .text.I2C_Flush_TXDR
                0x00000000080031b8       0x48 ./Drivers/STM32F3xx_HAL_Driver/Src/stm32f3xx_hal_i2c.o
 .text.I2C_WaitOnFlagUntilTimeout
                0x0000000008003200       0xb2 ./Drivers/STM32F3xx_HAL_Driver/Src/stm32f3xx_hal_i2c.o
 .text.I2C_WaitOnTXISFlagUntilTimeout
                0x00000000080032b2       0x8e ./Drivers/STM32F3xx_HAL_Driver/Src/stm32f3xx_hal_i2c.o
 .text.I2C_WaitOnSTOPFlagUntilTimeout
                0x0000000008003340       0x86 ./Drivers/STM32F3xx_HAL_Driver/Src/stm32f3xx_hal_i2c.o
 *fill*         0x00000000080033c6        0x2 
 .text.I2C_IsErrorOccurred
                0x00000000080033c8      0x1c0 ./Drivers/STM32F3xx_HAL_Driver/Src/stm32f3xx_hal_i2c.o
 .text.I2C_TransferConfig
                0x0000000008003588       0x64 ./Drivers/STM32F3xx_HAL_Driver/Src/stm32f3xx_hal_i2c.o
 .text.HAL_I2CEx_ConfigAnalogFilter
                0x00000000080035ec       0x96 ./Drivers/STM32F3xx_HAL_Driver/Src/stm32f3xx_hal_i2c_ex.o
                0x00000000080035ec                HAL_I2CEx_ConfigAnalogFilter
 .text.HAL_I2CEx_ConfigDigitalFilter
                0x0000000008003682       0x98 ./Drivers/STM32F3xx_HAL_Driver/Src/stm32f3xx_hal_i2c_ex.o
                0x0000000008003682                HAL_I2CEx_ConfigDigitalFilter
 *fill*         0x000000000800371a        0x2 
 .text.HAL_RCC_OscConfig
                0x000000000800371c     0x107c ./Drivers/STM32F3xx_HAL_Driver/Src/stm32f3xx_hal_rcc.o
                0x000000000800371c                HAL_RCC_OscConfig
 .text.HAL_RCC_ClockConfig
                0x0000000008004798      0x2f8 ./Drivers/STM32F3xx_HAL_Driver/Src/stm32f3xx_hal_rcc.o
                0x0000000008004798                HAL_RCC_ClockConfig
 .text.HAL_RCC_GetSysClockFreq
                0x0000000008004a90       0xa8 ./Drivers/STM32F3xx_HAL_Driver/Src/stm32f3xx_hal_rcc.o
                0x0000000008004a90                HAL_RCC_GetSysClockFreq
 .text.HAL_RCC_GetHCLKFreq
                0x0000000008004b38       0x18 ./Drivers/STM32F3xx_HAL_Driver/Src/stm32f3xx_hal_rcc.o
                0x0000000008004b38                HAL_RCC_GetHCLKFreq
 .text.HAL_RCC_GetPCLK1Freq
                0x0000000008004b50       0x44 ./Drivers/STM32F3xx_HAL_Driver/Src/stm32f3xx_hal_rcc.o
                0x0000000008004b50                HAL_RCC_GetPCLK1Freq
 .text.HAL_RCC_GetPCLK2Freq
                0x0000000008004b94       0x44 ./Drivers/STM32F3xx_HAL_Driver/Src/stm32f3xx_hal_rcc.o
                0x0000000008004b94                HAL_RCC_GetPCLK2Freq
 .text.HAL_RCCEx_PeriphCLKConfig
                0x0000000008004bd8      0x324 ./Drivers/STM32F3xx_HAL_Driver/Src/stm32f3xx_hal_rcc_ex.o
                0x0000000008004bd8                HAL_RCCEx_PeriphCLKConfig
 .text.HAL_RTC_Init
                0x0000000008004efc      0x106 ./Drivers/STM32F3xx_HAL_Driver/Src/stm32f3xx_hal_rtc.o
                0x0000000008004efc                HAL_RTC_Init
 .text.HAL_RTC_SetTime
                0x0000000008005002      0x134 ./Drivers/STM32F3xx_HAL_Driver/Src/stm32f3xx_hal_rtc.o
                0x0000000008005002                HAL_RTC_SetTime
 .text.HAL_RTC_GetTime
                0x0000000008005136       0xbc ./Drivers/STM32F3xx_HAL_Driver/Src/stm32f3xx_hal_rtc.o
                0x0000000008005136                HAL_RTC_GetTime
 .text.HAL_RTC_SetDate
                0x00000000080051f2      0x108 ./Drivers/STM32F3xx_HAL_Driver/Src/stm32f3xx_hal_rtc.o
                0x00000000080051f2                HAL_RTC_SetDate
 .text.HAL_RTC_GetDate
                0x00000000080052fa       0x9e ./Drivers/STM32F3xx_HAL_Driver/Src/stm32f3xx_hal_rtc.o
                0x00000000080052fa                HAL_RTC_GetDate
 .text.HAL_RTC_SetAlarm_IT
                0x0000000008005398      0x288 ./Drivers/STM32F3xx_HAL_Driver/Src/stm32f3xx_hal_rtc.o
                0x0000000008005398                HAL_RTC_SetAlarm_IT
 .text.HAL_RTC_AlarmIRQHandler
                0x0000000008005620       0x8c ./Drivers/STM32F3xx_HAL_Driver/Src/stm32f3xx_hal_rtc.o
                0x0000000008005620                HAL_RTC_AlarmIRQHandler
 .text.HAL_RTC_WaitForSynchro
                0x00000000080056ac       0x4c ./Drivers/STM32F3xx_HAL_Driver/Src/stm32f3xx_hal_rtc.o
                0x00000000080056ac                HAL_RTC_WaitForSynchro
 .text.RTC_EnterInitMode
                0x00000000080056f8       0x6e ./Drivers/STM32F3xx_HAL_Driver/Src/stm32f3xx_hal_rtc.o
                0x00000000080056f8                RTC_EnterInitMode
 .text.RTC_ExitInitMode
                0x0000000008005766       0x4a ./Drivers/STM32F3xx_HAL_Driver/Src/stm32f3xx_hal_rtc.o
                0x0000000008005766                RTC_ExitInitMode
 .text.RTC_ByteToBcd2
                0x00000000080057b0       0x3c ./Drivers/STM32F3xx_HAL_Driver/Src/stm32f3xx_hal_rtc.o
                0x00000000080057b0                RTC_ByteToBcd2
 .text.RTC_Bcd2ToByte
                0x00000000080057ec       0x3c ./Drivers/STM32F3xx_HAL_Driver/Src/stm32f3xx_hal_rtc.o
                0x00000000080057ec                RTC_Bcd2ToByte
 .text.HAL_RTCEx_BKUPWrite
                0x0000000008005828       0x34 ./Drivers/STM32F3xx_HAL_Driver/Src/stm32f3xx_hal_rtc_ex.o
                0x0000000008005828                HAL_RTCEx_BKUPWrite
 .text.HAL_RTCEx_BKUPRead
                0x000000000800585c       0x30 ./Drivers/STM32F3xx_HAL_Driver/Src/stm32f3xx_hal_rtc_ex.o
                0x000000000800585c                HAL_RTCEx_BKUPRead
 .text.HAL_RTCEx_AlarmBEventCallback
                0x000000000800588c       0x14 ./Drivers/STM32F3xx_HAL_Driver/Src/stm32f3xx_hal_rtc_ex.o
                0x000000000800588c                HAL_RTCEx_AlarmBEventCallback
 .text.HAL_TIM_Base_Init
                0x00000000080058a0       0xae ./Drivers/STM32F3xx_HAL_Driver/Src/stm32f3xx_hal_tim.o
                0x00000000080058a0                HAL_TIM_Base_Init
 .text.HAL_TIM_ConfigClockSource
                0x000000000800594e      0x192 ./Drivers/STM32F3xx_HAL_Driver/Src/stm32f3xx_hal_tim.o
                0x000000000800594e                HAL_TIM_ConfigClockSource
 .text.TIM_Base_SetConfig
                0x0000000008005ae0       0xf4 ./Drivers/STM32F3xx_HAL_Driver/Src/stm32f3xx_hal_tim.o
                0x0000000008005ae0                TIM_Base_SetConfig
 .text.TIM_TI1_ConfigInputStage
                0x0000000008005bd4       0x5e ./Drivers/STM32F3xx_HAL_Driver/Src/stm32f3xx_hal_tim.o
 .text.TIM_TI2_ConfigInputStage
                0x0000000008005c32       0x60 ./Drivers/STM32F3xx_HAL_Driver/Src/stm32f3xx_hal_tim.o
 .text.TIM_ITRx_SetConfig
                0x0000000008005c92       0x36 ./Drivers/STM32F3xx_HAL_Driver/Src/stm32f3xx_hal_tim.o
 .text.TIM_ETR_SetConfig
                0x0000000008005cc8       0x40 ./Drivers/STM32F3xx_HAL_Driver/Src/stm32f3xx_hal_tim.o
                0x0000000008005cc8                TIM_ETR_SetConfig
 .text.HAL_TIMEx_MasterConfigSynchronization
                0x0000000008005d08       0xcc ./Drivers/STM32F3xx_HAL_Driver/Src/stm32f3xx_hal_tim_ex.o
                0x0000000008005d08                HAL_TIMEx_MasterConfigSynchronization
 .text.HAL_UART_Init
                0x0000000008005dd4       0x9c ./Drivers/STM32F3xx_HAL_Driver/Src/stm32f3xx_hal_uart.o
                0x0000000008005dd4                HAL_UART_Init
 .text.HAL_UART_Transmit
                0x0000000008005e70      0x114 ./Drivers/STM32F3xx_HAL_Driver/Src/stm32f3xx_hal_uart.o
                0x0000000008005e70                HAL_UART_Transmit
 .text.UART_SetConfig
                0x0000000008005f84      0x26c ./Drivers/STM32F3xx_HAL_Driver/Src/stm32f3xx_hal_uart.o
                0x0000000008005f84                UART_SetConfig
 .text.UART_AdvFeatureConfig
                0x00000000080061f0      0x144 ./Drivers/STM32F3xx_HAL_Driver/Src/stm32f3xx_hal_uart.o
                0x00000000080061f0                UART_AdvFeatureConfig
 .text.UART_CheckIdleState
                0x0000000008006334      0x150 ./Drivers/STM32F3xx_HAL_Driver/Src/stm32f3xx_hal_uart.o
                0x0000000008006334                UART_CheckIdleState
 .text.UART_WaitOnFlagUntilTimeout
                0x0000000008006484       0xda ./Drivers/STM32F3xx_HAL_Driver/Src/stm32f3xx_hal_uart.o
                0x0000000008006484                UART_WaitOnFlagUntilTimeout
 .text.UART_EndRxTransfer
                0x000000000800655e       0xc8 ./Drivers/STM32F3xx_HAL_Driver/Src/stm32f3xx_hal_uart.o
 *fill*         0x0000000008006626        0x2 
 .text.sprintf  0x0000000008006628       0x40 C:/ST/STM32CubeIDE_1.14.1/STM32CubeIDE/plugins/com.st.stm32cube.ide.mcu.externaltools.gnu-tools-for-stm32.11.3.rel1.win32_1.1.100.202309141235/tools/bin/../lib/gcc/arm-none-eabi/11.3.1/../../../../arm-none-eabi/lib/thumb/v7e-m+fp/hard\libc_nano.a(libc_a-sprintf.o)
                0x0000000008006628                siprintf
                0x0000000008006628                sprintf
 .text.memset   0x0000000008006668       0x10 C:/ST/STM32CubeIDE_1.14.1/STM32CubeIDE/plugins/com.st.stm32cube.ide.mcu.externaltools.gnu-tools-for-stm32.11.3.rel1.win32_1.1.100.202309141235/tools/bin/../lib/gcc/arm-none-eabi/11.3.1/../../../../arm-none-eabi/lib/thumb/v7e-m+fp/hard\libc_nano.a(libc_a-memset.o)
                0x0000000008006668                memset
 .text.__errno  0x0000000008006678        0xc C:/ST/STM32CubeIDE_1.14.1/STM32CubeIDE/plugins/com.st.stm32cube.ide.mcu.externaltools.gnu-tools-for-stm32.11.3.rel1.win32_1.1.100.202309141235/tools/bin/../lib/gcc/arm-none-eabi/11.3.1/../../../../arm-none-eabi/lib/thumb/v7e-m+fp/hard\libc_nano.a(libc_a-errno.o)
                0x0000000008006678                __errno
 .text.__libc_init_array
                0x0000000008006684       0x48 C:/ST/STM32CubeIDE_1.14.1/STM32CubeIDE/plugins/com.st.stm32cube.ide.mcu.externaltools.gnu-tools-for-stm32.11.3.rel1.win32_1.1.100.202309141235/tools/bin/../lib/gcc/arm-none-eabi/11.3.1/../../../../arm-none-eabi/lib/thumb/v7e-m+fp/hard\libc_nano.a(libc_a-init.o)
                0x0000000008006684                __libc_init_array
 .text.__retarget_lock_acquire_recursive
                0x00000000080066cc        0x2 C:/ST/STM32CubeIDE_1.14.1/STM32CubeIDE/plugins/com.st.stm32cube.ide.mcu.externaltools.gnu-tools-for-stm32.11.3.rel1.win32_1.1.100.202309141235/tools/bin/../lib/gcc/arm-none-eabi/11.3.1/../../../../arm-none-eabi/lib/thumb/v7e-m+fp/hard\libc_nano.a(libc_a-lock.o)
                0x00000000080066cc                __retarget_lock_acquire_recursive
 .text.__retarget_lock_release_recursive
                0x00000000080066ce        0x2 C:/ST/STM32CubeIDE_1.14.1/STM32CubeIDE/plugins/com.st.stm32cube.ide.mcu.externaltools.gnu-tools-for-stm32.11.3.rel1.win32_1.1.100.202309141235/tools/bin/../lib/gcc/arm-none-eabi/11.3.1/../../../../arm-none-eabi/lib/thumb/v7e-m+fp/hard\libc_nano.a(libc_a-lock.o)
                0x00000000080066ce                __retarget_lock_release_recursive
 .text._free_r  0x00000000080066d0       0x98 C:/ST/STM32CubeIDE_1.14.1/STM32CubeIDE/plugins/com.st.stm32cube.ide.mcu.externaltools.gnu-tools-for-stm32.11.3.rel1.win32_1.1.100.202309141235/tools/bin/../lib/gcc/arm-none-eabi/11.3.1/../../../../arm-none-eabi/lib/thumb/v7e-m+fp/hard\libc_nano.a(libc_a-freer.o)
                0x00000000080066d0                _free_r
 .text.sbrk_aligned
                0x0000000008006768       0x40 C:/ST/STM32CubeIDE_1.14.1/STM32CubeIDE/plugins/com.st.stm32cube.ide.mcu.externaltools.gnu-tools-for-stm32.11.3.rel1.win32_1.1.100.202309141235/tools/bin/../lib/gcc/arm-none-eabi/11.3.1/../../../../arm-none-eabi/lib/thumb/v7e-m+fp/hard\libc_nano.a(libc_a-mallocr.o)
 .text._malloc_r
                0x00000000080067a8      0x100 C:/ST/STM32CubeIDE_1.14.1/STM32CubeIDE/plugins/com.st.stm32cube.ide.mcu.externaltools.gnu-tools-for-stm32.11.3.rel1.win32_1.1.100.202309141235/tools/bin/../lib/gcc/arm-none-eabi/11.3.1/../../../../arm-none-eabi/lib/thumb/v7e-m+fp/hard\libc_nano.a(libc_a-mallocr.o)
                0x00000000080067a8                _malloc_r
 .text.__malloc_lock
                0x00000000080068a8        0xc C:/ST/STM32CubeIDE_1.14.1/STM32CubeIDE/plugins/com.st.stm32cube.ide.mcu.externaltools.gnu-tools-for-stm32.11.3.rel1.win32_1.1.100.202309141235/tools/bin/../lib/gcc/arm-none-eabi/11.3.1/../../../../arm-none-eabi/lib/thumb/v7e-m+fp/hard\libc_nano.a(libc_a-mlock.o)
                0x00000000080068a8                __malloc_lock
 .text.__malloc_unlock
                0x00000000080068b4        0xc C:/ST/STM32CubeIDE_1.14.1/STM32CubeIDE/plugins/com.st.stm32cube.ide.mcu.externaltools.gnu-tools-for-stm32.11.3.rel1.win32_1.1.100.202309141235/tools/bin/../lib/gcc/arm-none-eabi/11.3.1/../../../../arm-none-eabi/lib/thumb/v7e-m+fp/hard\libc_nano.a(libc_a-mlock.o)
                0x00000000080068b4                __malloc_unlock
 .text.__ssputs_r
                0x00000000080068c0       0xb4 C:/ST/STM32CubeIDE_1.14.1/STM32CubeIDE/plugins/com.st.stm32cube.ide.mcu.externaltools.gnu-tools-for-stm32.11.3.rel1.win32_1.1.100.202309141235/tools/bin/../lib/gcc/arm-none-eabi/11.3.1/../../../../arm-none-eabi/lib/thumb/v7e-m+fp/hard\libc_nano.a(libc_a-nano-svfprintf.o)
                0x00000000080068c0                __ssputs_r
 .text._svfprintf_r
                0x0000000008006974      0x1fc C:/ST/STM32CubeIDE_1.14.1/STM32CubeIDE/plugins/com.st.stm32cube.ide.mcu.externaltools.gnu-tools-for-stm32.11.3.rel1.win32_1.1.100.202309141235/tools/bin/../lib/gcc/arm-none-eabi/11.3.1/../../../../arm-none-eabi/lib/thumb/v7e-m+fp/hard\libc_nano.a(libc_a-nano-svfprintf.o)
                0x0000000008006974                _svfiprintf_r
                0x0000000008006974                _svfprintf_r
 .text._printf_common
                0x0000000008006b70       0xda C:/ST/STM32CubeIDE_1.14.1/STM32CubeIDE/plugins/com.st.stm32cube.ide.mcu.externaltools.gnu-tools-for-stm32.11.3.rel1.win32_1.1.100.202309141235/tools/bin/../lib/gcc/arm-none-eabi/11.3.1/../../../../arm-none-eabi/lib/thumb/v7e-m+fp/hard\libc_nano.a(libc_a-nano-vfprintf_i.o)
                0x0000000008006b70                _printf_common
 *fill*         0x0000000008006c4a        0x2 
 .text._printf_i
                0x0000000008006c4c      0x244 C:/ST/STM32CubeIDE_1.14.1/STM32CubeIDE/plugins/com.st.stm32cube.ide.mcu.externaltools.gnu-tools-for-stm32.11.3.rel1.win32_1.1.100.202309141235/tools/bin/../lib/gcc/arm-none-eabi/11.3.1/../../../../arm-none-eabi/lib/thumb/v7e-m+fp/hard\libc_nano.a(libc_a-nano-vfprintf_i.o)
                0x0000000008006c4c                _printf_i
 .text.memmove  0x0000000008006e90       0x34 C:/ST/STM32CubeIDE_1.14.1/STM32CubeIDE/plugins/com.st.stm32cube.ide.mcu.externaltools.gnu-tools-for-stm32.11.3.rel1.win32_1.1.100.202309141235/tools/bin/../lib/gcc/arm-none-eabi/11.3.1/../../../../arm-none-eabi/lib/thumb/v7e-m+fp/hard\libc_nano.a(libc_a-memmove.o)
                0x0000000008006e90                memmove
 .text._sbrk_r  0x0000000008006ec4       0x20 C:/ST/STM32CubeIDE_1.14.1/STM32CubeIDE/plugins/com.st.stm32cube.ide.mcu.externaltools.gnu-tools-for-stm32.11.3.rel1.win32_1.1.100.202309141235/tools/bin/../lib/gcc/arm-none-eabi/11.3.1/../../../../arm-none-eabi/lib/thumb/v7e-m+fp/hard\libc_nano.a(libc_a-sbrkr.o)
                0x0000000008006ec4                _sbrk_r
 .text.memcpy   0x0000000008006ee4       0x1c C:/ST/STM32CubeIDE_1.14.1/STM32CubeIDE/plugins/com.st.stm32cube.ide.mcu.externaltools.gnu-tools-for-stm32.11.3.rel1.win32_1.1.100.202309141235/tools/bin/../lib/gcc/arm-none-eabi/11.3.1/../../../../arm-none-eabi/lib/thumb/v7e-m+fp/hard\libc_nano.a(libc_a-memcpy-stub.o)
                0x0000000008006ee4                memcpy
 .text._realloc_r
                0x0000000008006f00       0x5e C:/ST/STM32CubeIDE_1.14.1/STM32CubeIDE/plugins/com.st.stm32cube.ide.mcu.externaltools.gnu-tools-for-stm32.11.3.rel1.win32_1.1.100.202309141235/tools/bin/../lib/gcc/arm-none-eabi/11.3.1/../../../../arm-none-eabi/lib/thumb/v7e-m+fp/hard\libc_nano.a(libc_a-reallocr.o)
                0x0000000008006f00                _realloc_r
 .text._malloc_usable_size_r
                0x0000000008006f5e       0x10 C:/ST/STM32CubeIDE_1.14.1/STM32CubeIDE/plugins/com.st.stm32cube.ide.mcu.externaltools.gnu-tools-for-stm32.11.3.rel1.win32_1.1.100.202309141235/tools/bin/../lib/gcc/arm-none-eabi/11.3.1/../../../../arm-none-eabi/lib/thumb/v7e-m+fp/hard\libc_nano.a(libc_a-msizer.o)
                0x0000000008006f5e                _malloc_usable_size_r
 *(.glue_7)
 .glue_7        0x0000000008006f6e        0x0 linker stubs
 *(.glue_7t)
 .glue_7t       0x0000000008006f6e        0x0 linker stubs
 *(.eh_frame)
 *fill*         0x0000000008006f6e        0x2 
 .eh_frame      0x0000000008006f70        0x0 C:/ST/STM32CubeIDE_1.14.1/STM32CubeIDE/plugins/com.st.stm32cube.ide.mcu.externaltools.gnu-tools-for-stm32.11.3.rel1.win32_1.1.100.202309141235/tools/bin/../lib/gcc/arm-none-eabi/11.3.1/thumb/v7e-m+fp/hard/crtbegin.o
 *(.init)
 .init          0x0000000008006f70        0x4 C:/ST/STM32CubeIDE_1.14.1/STM32CubeIDE/plugins/com.st.stm32cube.ide.mcu.externaltools.gnu-tools-for-stm32.11.3.rel1.win32_1.1.100.202309141235/tools/bin/../lib/gcc/arm-none-eabi/11.3.1/thumb/v7e-m+fp/hard/crti.o
                0x0000000008006f70                _init
 .init          0x0000000008006f74        0x8 C:/ST/STM32CubeIDE_1.14.1/STM32CubeIDE/plugins/com.st.stm32cube.ide.mcu.externaltools.gnu-tools-for-stm32.11.3.rel1.win32_1.1.100.202309141235/tools/bin/../lib/gcc/arm-none-eabi/11.3.1/thumb/v7e-m+fp/hard/crtn.o
 *(.fini)
 .fini          0x0000000008006f7c        0x4 C:/ST/STM32CubeIDE_1.14.1/STM32CubeIDE/plugins/com.st.stm32cube.ide.mcu.externaltools.gnu-tools-for-stm32.11.3.rel1.win32_1.1.100.202309141235/tools/bin/../lib/gcc/arm-none-eabi/11.3.1/thumb/v7e-m+fp/hard/crti.o
                0x0000000008006f7c                _fini
 .fini          0x0000000008006f80        0x8 C:/ST/STM32CubeIDE_1.14.1/STM32CubeIDE/plugins/com.st.stm32cube.ide.mcu.externaltools.gnu-tools-for-stm32.11.3.rel1.win32_1.1.100.202309141235/tools/bin/../lib/gcc/arm-none-eabi/11.3.1/thumb/v7e-m+fp/hard/crtn.o
                0x0000000008006f88                . = ALIGN (0x4)
                0x0000000008006f88                _etext = .

.vfp11_veneer   0x0000000008006f88        0x0
 .vfp11_veneer  0x0000000008006f88        0x0 linker stubs

.v4_bx          0x0000000008006f88        0x0
 .v4_bx         0x0000000008006f88        0x0 linker stubs

.iplt           0x0000000008006f88        0x0
 .iplt          0x0000000008006f88        0x0 C:/ST/STM32CubeIDE_1.14.1/STM32CubeIDE/plugins/com.st.stm32cube.ide.mcu.externaltools.gnu-tools-for-stm32.11.3.rel1.win32_1.1.100.202309141235/tools/bin/../lib/gcc/arm-none-eabi/11.3.1/thumb/v7e-m+fp/hard/crtbegin.o

.rodata         0x0000000008006f88      0x1a8
                0x0000000008006f88                . = ALIGN (0x4)
 *(.rodata)
 .rodata        0x0000000008006f88       0x30 ./Core/Src/keypadmodify.o
 .rodata        0x0000000008006fb8       0xfc ./Core/Src/main.o
 *(.rodata*)
 .rodata.keys   0x00000000080070b4       0x10 ./Core/Src/keypadmodify.o
                0x00000000080070b4                keys
 .rodata.AHBPrescTable
                0x00000000080070c4       0x10 ./Core/Src/system_stm32f3xx.o
                0x00000000080070c4                AHBPrescTable
 .rodata.APBPrescTable
                0x00000000080070d4        0x8 ./Core/Src/system_stm32f3xx.o
                0x00000000080070d4                APBPrescTable
 .rodata.aPLLMULFactorTable
                0x00000000080070dc       0x10 ./Drivers/STM32F3xx_HAL_Driver/Src/stm32f3xx_hal_rcc.o
 .rodata.aPredivFactorTable
                0x00000000080070ec       0x10 ./Drivers/STM32F3xx_HAL_Driver/Src/stm32f3xx_hal_rcc.o
 .rodata._svfprintf_r.str1.1
                0x00000000080070fc       0x11 C:/ST/STM32CubeIDE_1.14.1/STM32CubeIDE/plugins/com.st.stm32cube.ide.mcu.externaltools.gnu-tools-for-stm32.11.3.rel1.win32_1.1.100.202309141235/tools/bin/../lib/gcc/arm-none-eabi/11.3.1/../../../../arm-none-eabi/lib/thumb/v7e-m+fp/hard\libc_nano.a(libc_a-nano-svfprintf.o)
 .rodata._printf_i.str1.1
                0x000000000800710d       0x22 C:/ST/STM32CubeIDE_1.14.1/STM32CubeIDE/plugins/com.st.stm32cube.ide.mcu.externaltools.gnu-tools-for-stm32.11.3.rel1.win32_1.1.100.202309141235/tools/bin/../lib/gcc/arm-none-eabi/11.3.1/../../../../arm-none-eabi/lib/thumb/v7e-m+fp/hard\libc_nano.a(libc_a-nano-vfprintf_i.o)
                0x0000000008007130                . = ALIGN (0x4)
 *fill*         0x000000000800712f        0x1 

.rel.dyn        0x0000000008007130        0x0
 .rel.iplt      0x0000000008007130        0x0 C:/ST/STM32CubeIDE_1.14.1/STM32CubeIDE/plugins/com.st.stm32cube.ide.mcu.externaltools.gnu-tools-for-stm32.11.3.rel1.win32_1.1.100.202309141235/tools/bin/../lib/gcc/arm-none-eabi/11.3.1/thumb/v7e-m+fp/hard/crtbegin.o

.ARM.extab      0x0000000008007130        0x0
                0x0000000008007130                . = ALIGN (0x4)
 *(.ARM.extab* .gnu.linkonce.armextab.*)
                0x0000000008007130                . = ALIGN (0x4)

.ARM            0x0000000008007130        0x0
                0x0000000008007130                . = ALIGN (0x4)
                0x0000000008007130                __exidx_start = .
 *(.ARM.exidx*)
                0x0000000008007130                __exidx_end = .
                0x0000000008007130                . = ALIGN (0x4)

.preinit_array  0x0000000008007130        0x0
                0x0000000008007130                . = ALIGN (0x4)
                0x0000000008007130                PROVIDE (__preinit_array_start = .)
 *(.preinit_array*)
                0x0000000008007130                PROVIDE (__preinit_array_end = .)
                0x0000000008007130                . = ALIGN (0x4)

.init_array     0x0000000008007130        0x4
                0x0000000008007130                . = ALIGN (0x4)
                0x0000000008007130                PROVIDE (__init_array_start = .)
 *(SORT_BY_NAME(.init_array.*))
 *(.init_array*)
 .init_array    0x0000000008007130        0x4 C:/ST/STM32CubeIDE_1.14.1/STM32CubeIDE/plugins/com.st.stm32cube.ide.mcu.externaltools.gnu-tools-for-stm32.11.3.rel1.win32_1.1.100.202309141235/tools/bin/../lib/gcc/arm-none-eabi/11.3.1/thumb/v7e-m+fp/hard/crtbegin.o
                0x0000000008007134                PROVIDE (__init_array_end = .)
                0x0000000008007134                . = ALIGN (0x4)

.fini_array     0x0000000008007134        0x4
                0x0000000008007134                . = ALIGN (0x4)
                [!provide]                        PROVIDE (__fini_array_start = .)
 *(SORT_BY_NAME(.fini_array.*))
 *(.fini_array*)
 .fini_array    0x0000000008007134        0x4 C:/ST/STM32CubeIDE_1.14.1/STM32CubeIDE/plugins/com.st.stm32cube.ide.mcu.externaltools.gnu-tools-for-stm32.11.3.rel1.win32_1.1.100.202309141235/tools/bin/../lib/gcc/arm-none-eabi/11.3.1/thumb/v7e-m+fp/hard/crtbegin.o
                [!provide]                        PROVIDE (__fini_array_end = .)
                0x0000000008007138                . = ALIGN (0x4)
                0x0000000008007138                _sidata = LOADADDR (.data)

.data           0x0000000020000000       0x60 load address 0x0000000008007138
                0x0000000020000000                . = ALIGN (0x4)
                0x0000000020000000                _sdata = .
 *(.data)
 *(.data*)
 .data.currentMode
                0x0000000020000000        0x1 ./Core/Src/main.o
                0x0000000020000000                currentMode
 .data.autoOnHour
                0x0000000020000001        0x1 ./Core/Src/main.o
                0x0000000020000001                autoOnHour
 .data.autoOffHour
                0x0000000020000002        0x1 ./Core/Src/main.o
                0x0000000020000002                autoOffHour
 *fill*         0x0000000020000003        0x1 
 .data.SystemCoreClock
                0x0000000020000004        0x4 ./Core/Src/system_stm32f3xx.o
                0x0000000020000004                SystemCoreClock
 .data.uwTickPrio
                0x0000000020000008        0x4 ./Drivers/STM32F3xx_HAL_Driver/Src/stm32f3xx_hal.o
                0x0000000020000008                uwTickPrio
 .data.uwTickFreq
                0x000000002000000c        0x1 ./Drivers/STM32F3xx_HAL_Driver/Src/stm32f3xx_hal.o
                0x000000002000000c                uwTickFreq
 *fill*         0x000000002000000d        0x3 
 .data._impure_data
                0x0000000020000010       0x4c C:/ST/STM32CubeIDE_1.14.1/STM32CubeIDE/plugins/com.st.stm32cube.ide.mcu.externaltools.gnu-tools-for-stm32.11.3.rel1.win32_1.1.100.202309141235/tools/bin/../lib/gcc/arm-none-eabi/11.3.1/../../../../arm-none-eabi/lib/thumb/v7e-m+fp/hard\libc_nano.a(libc_a-impure.o)
                0x0000000020000010                _impure_data
 .data._impure_ptr
                0x000000002000005c        0x4 C:/ST/STM32CubeIDE_1.14.1/STM32CubeIDE/plugins/com.st.stm32cube.ide.mcu.externaltools.gnu-tools-for-stm32.11.3.rel1.win32_1.1.100.202309141235/tools/bin/../lib/gcc/arm-none-eabi/11.3.1/../../../../arm-none-eabi/lib/thumb/v7e-m+fp/hard\libc_nano.a(libc_a-impure.o)
                0x000000002000005c                _impure_ptr
 *(.RamFunc)
 *(.RamFunc*)
                0x0000000020000060                . = ALIGN (0x4)
                0x0000000020000060                _edata = .

.igot.plt       0x0000000020000060        0x0 load address 0x0000000008007198
 .igot.plt      0x0000000020000060        0x0 C:/ST/STM32CubeIDE_1.14.1/STM32CubeIDE/plugins/com.st.stm32cube.ide.mcu.externaltools.gnu-tools-for-stm32.11.3.rel1.win32_1.1.100.202309141235/tools/bin/../lib/gcc/arm-none-eabi/11.3.1/thumb/v7e-m+fp/hard/crtbegin.o
                0x0000000020000060                . = ALIGN (0x4)

.bss            0x0000000020000060      0x38c load address 0x0000000008007198
                0x0000000020000060                _sbss = .
                0x0000000020000060                __bss_start__ = _sbss
 *(.bss)
 .bss           0x0000000020000060       0x1c C:/ST/STM32CubeIDE_1.14.1/STM32CubeIDE/plugins/com.st.stm32cube.ide.mcu.externaltools.gnu-tools-for-stm32.11.3.rel1.win32_1.1.100.202309141235/tools/bin/../lib/gcc/arm-none-eabi/11.3.1/thumb/v7e-m+fp/hard/crtbegin.o
 *(.bss*)
 .bss.val_key   0x000000002000007c        0x1 ./Core/Src/keypadmodify.o
                0x000000002000007c                val_key
 *fill*         0x000000002000007d        0x3 
 .bss.hadc1     0x0000000020000080       0x50 ./Core/Src/main.o
                0x0000000020000080                hadc1
 .bss.hdma_adc1
                0x00000000200000d0       0x44 ./Core/Src/main.o
                0x00000000200000d0                hdma_adc1
 .bss.hi2c1     0x0000000020000114       0x54 ./Core/Src/main.o
                0x0000000020000114                hi2c1
 .bss.hrtc      0x0000000020000168       0x20 ./Core/Src/main.o
                0x0000000020000168                hrtc
 .bss.htim1     0x0000000020000188       0x4c ./Core/Src/main.o
                0x0000000020000188                htim1
 .bss.huart2    0x00000000200001d4       0x88 ./Core/Src/main.o
                0x00000000200001d4                huart2
 .bss.autoModeEnabled
                0x000000002000025c        0x1 ./Core/Src/main.o
                0x000000002000025c                autoModeEnabled
 .bss.bombaActiva
                0x000000002000025d        0x1 ./Core/Src/main.o
                0x000000002000025d                bombaActiva
 *fill*         0x000000002000025e        0x2 
 .bss.tiempoInicioRiego
                0x0000000020000260        0x4 ./Core/Src/main.o
                0x0000000020000260                tiempoInicioRiego
 .bss.tiempoRiegoRestante
                0x0000000020000264        0x2 ./Core/Src/main.o
                0x0000000020000264                tiempoRiegoRestante
 *fill*         0x0000000020000266        0x2 
 .bss.lastKeyPressTime
                0x0000000020000268        0x4 ./Core/Src/main.o
                0x0000000020000268                lastKeyPressTime
 .bss.medida_adc
                0x000000002000026c        0x4 ./Core/Src/main.o
                0x000000002000026c                medida_adc
 .bss.porcentaje_humedad
                0x0000000020000270        0x1 ./Core/Src/main.o
                0x0000000020000270                porcentaje_humedad
 *fill*         0x0000000020000271        0x3 
 .bss.ultimoRiegoAutomatico
                0x0000000020000274        0x4 ./Core/Src/main.o
                0x0000000020000274                ultimoRiegoAutomatico
 .bss.timeData  0x0000000020000278        0xf ./Core/Src/main.o
                0x0000000020000278                timeData
 *fill*         0x0000000020000287        0x1 
 .bss.dateData  0x0000000020000288        0xf ./Core/Src/main.o
                0x0000000020000288                dateData
 *fill*         0x0000000020000297        0x1 
 .bss.lastRefresh.0
                0x0000000020000298        0x4 ./Core/Src/main.o
 .bss.__sbrk_heap_end
                0x000000002000029c        0x4 ./Core/Src/sysmem.o
 .bss.uwTick    0x00000000200002a0        0x4 ./Drivers/STM32F3xx_HAL_Driver/Src/stm32f3xx_hal.o
                0x00000000200002a0                uwTick
 .bss.__sf      0x00000000200002a4      0x138 C:/ST/STM32CubeIDE_1.14.1/STM32CubeIDE/plugins/com.st.stm32cube.ide.mcu.externaltools.gnu-tools-for-stm32.11.3.rel1.win32_1.1.100.202309141235/tools/bin/../lib/gcc/arm-none-eabi/11.3.1/../../../../arm-none-eabi/lib/thumb/v7e-m+fp/hard\libc_nano.a(libc_a-findfp.o)
                0x00000000200002a4                __sf
 .bss.errno     0x00000000200003dc        0x4 C:/ST/STM32CubeIDE_1.14.1/STM32CubeIDE/plugins/com.st.stm32cube.ide.mcu.externaltools.gnu-tools-for-stm32.11.3.rel1.win32_1.1.100.202309141235/tools/bin/../lib/gcc/arm-none-eabi/11.3.1/../../../../arm-none-eabi/lib/thumb/v7e-m+fp/hard\libc_nano.a(libc_a-reent.o)
                0x00000000200003dc                errno
 .bss.__lock___malloc_recursive_mutex
                0x00000000200003e0        0x1 C:/ST/STM32CubeIDE_1.14.1/STM32CubeIDE/plugins/com.st.stm32cube.ide.mcu.externaltools.gnu-tools-for-stm32.11.3.rel1.win32_1.1.100.202309141235/tools/bin/../lib/gcc/arm-none-eabi/11.3.1/../../../../arm-none-eabi/lib/thumb/v7e-m+fp/hard\libc_nano.a(libc_a-lock.o)
                0x00000000200003e0                __lock___malloc_recursive_mutex
 *fill*         0x00000000200003e1        0x3 
 .bss.__malloc_free_list
                0x00000000200003e4        0x4 C:/ST/STM32CubeIDE_1.14.1/STM32CubeIDE/plugins/com.st.stm32cube.ide.mcu.externaltools.gnu-tools-for-stm32.11.3.rel1.win32_1.1.100.202309141235/tools/bin/../lib/gcc/arm-none-eabi/11.3.1/../../../../arm-none-eabi/lib/thumb/v7e-m+fp/hard\libc_nano.a(libc_a-mallocr.o)
                0x00000000200003e4                __malloc_free_list
 .bss.__malloc_sbrk_start
                0x00000000200003e8        0x4 C:/ST/STM32CubeIDE_1.14.1/STM32CubeIDE/plugins/com.st.stm32cube.ide.mcu.externaltools.gnu-tools-for-stm32.11.3.rel1.win32_1.1.100.202309141235/tools/bin/../lib/gcc/arm-none-eabi/11.3.1/../../../../arm-none-eabi/lib/thumb/v7e-m+fp/hard\libc_nano.a(libc_a-mallocr.o)
                0x00000000200003e8                __malloc_sbrk_start
 *(COMMON)
                0x00000000200003ec                . = ALIGN (0x4)
                0x00000000200003ec                _ebss = .
                0x00000000200003ec                __bss_end__ = _ebss

._user_heap_stack
                0x00000000200003ec      0x604 load address 0x0000000008007198
                0x00000000200003f0                . = ALIGN (0x8)
 *fill*         0x00000000200003ec        0x4 
                [!provide]                        PROVIDE (end = .)
                0x00000000200003f0                PROVIDE (_end = .)
                0x00000000200005f0                . = (. + _Min_Heap_Size)
 *fill*         0x00000000200003f0      0x200 
                0x00000000200009f0                . = (. + _Min_Stack_Size)
 *fill*         0x00000000200005f0      0x400 
                0x00000000200009f0                . = ALIGN (0x8)

/DISCARD/
 libc.a(*)
 libm.a(*)
 libgcc.a(*)

.ARM.attributes
                0x0000000000000000       0x30
 *(.ARM.attributes)
 .ARM.attributes
                0x0000000000000000       0x1e C:/ST/STM32CubeIDE_1.14.1/STM32CubeIDE/plugins/com.st.stm32cube.ide.mcu.externaltools.gnu-tools-for-stm32.11.3.rel1.win32_1.1.100.202309141235/tools/bin/../lib/gcc/arm-none-eabi/11.3.1/thumb/v7e-m+fp/hard/crti.o
 .ARM.attributes
                0x000000000000001e       0x34 C:/ST/STM32CubeIDE_1.14.1/STM32CubeIDE/plugins/com.st.stm32cube.ide.mcu.externaltools.gnu-tools-for-stm32.11.3.rel1.win32_1.1.100.202309141235/tools/bin/../lib/gcc/arm-none-eabi/11.3.1/thumb/v7e-m+fp/hard/crtbegin.o
 .ARM.attributes
                0x0000000000000052       0x34 ./Core/Src/keypadmodify.o
 .ARM.attributes
                0x0000000000000086       0x34 ./Core/Src/lcd.o
 .ARM.attributes
                0x00000000000000ba       0x34 ./Core/Src/main.o
 .ARM.attributes
                0x00000000000000ee       0x34 ./Core/Src/stm32f3xx_hal_msp.o
 .ARM.attributes
                0x0000000000000122       0x34 ./Core/Src/stm32f3xx_it.o
 .ARM.attributes
                0x0000000000000156       0x34 ./Core/Src/sysmem.o
 .ARM.attributes
                0x000000000000018a       0x34 ./Core/Src/system_stm32f3xx.o
 .ARM.attributes
                0x00000000000001be       0x21 ./Core/Startup/startup_stm32f302r8tx.o
 .ARM.attributes
                0x00000000000001df       0x34 ./Drivers/STM32F3xx_HAL_Driver/Src/stm32f3xx_hal.o
 .ARM.attributes
                0x0000000000000213       0x34 ./Drivers/STM32F3xx_HAL_Driver/Src/stm32f3xx_hal_adc.o
 .ARM.attributes
                0x0000000000000247       0x34 ./Drivers/STM32F3xx_HAL_Driver/Src/stm32f3xx_hal_adc_ex.o
 .ARM.attributes
                0x000000000000027b       0x34 ./Drivers/STM32F3xx_HAL_Driver/Src/stm32f3xx_hal_cortex.o
 .ARM.attributes
                0x00000000000002af       0x34 ./Drivers/STM32F3xx_HAL_Driver/Src/stm32f3xx_hal_dma.o
 .ARM.attributes
                0x00000000000002e3       0x34 ./Drivers/STM32F3xx_HAL_Driver/Src/stm32f3xx_hal_gpio.o
 .ARM.attributes
                0x0000000000000317       0x34 ./Drivers/STM32F3xx_HAL_Driver/Src/stm32f3xx_hal_i2c.o
 .ARM.attributes
                0x000000000000034b       0x34 ./Drivers/STM32F3xx_HAL_Driver/Src/stm32f3xx_hal_i2c_ex.o
 .ARM.attributes
                0x000000000000037f       0x34 ./Drivers/STM32F3xx_HAL_Driver/Src/stm32f3xx_hal_rcc.o
 .ARM.attributes
                0x00000000000003b3       0x34 ./Drivers/STM32F3xx_HAL_Driver/Src/stm32f3xx_hal_rcc_ex.o
 .ARM.attributes
                0x00000000000003e7       0x34 ./Drivers/STM32F3xx_HAL_Driver/Src/stm32f3xx_hal_rtc.o
 .ARM.attributes
                0x000000000000041b       0x34 ./Drivers/STM32F3xx_HAL_Driver/Src/stm32f3xx_hal_rtc_ex.o
 .ARM.attributes
                0x000000000000044f       0x34 ./Drivers/STM32F3xx_HAL_Driver/Src/stm32f3xx_hal_tim.o
 .ARM.attributes
                0x0000000000000483       0x34 ./Drivers/STM32F3xx_HAL_Driver/Src/stm32f3xx_hal_tim_ex.o
 .ARM.attributes
                0x00000000000004b7       0x34 ./Drivers/STM32F3xx_HAL_Driver/Src/stm32f3xx_hal_uart.o
 .ARM.attributes
                0x00000000000004eb       0x34 C:/ST/STM32CubeIDE_1.14.1/STM32CubeIDE/plugins/com.st.stm32cube.ide.mcu.externaltools.gnu-tools-for-stm32.11.3.rel1.win32_1.1.100.202309141235/tools/bin/../lib/gcc/arm-none-eabi/11.3.1/../../../../arm-none-eabi/lib/thumb/v7e-m+fp/hard\libc_nano.a(libc_a-findfp.o)
 .ARM.attributes
                0x000000000000051f       0x34 C:/ST/STM32CubeIDE_1.14.1/STM32CubeIDE/plugins/com.st.stm32cube.ide.mcu.externaltools.gnu-tools-for-stm32.11.3.rel1.win32_1.1.100.202309141235/tools/bin/../lib/gcc/arm-none-eabi/11.3.1/../../../../arm-none-eabi/lib/thumb/v7e-m+fp/hard\libc_nano.a(libc_a-sprintf.o)
 .ARM.attributes
                0x0000000000000553       0x34 C:/ST/STM32CubeIDE_1.14.1/STM32CubeIDE/plugins/com.st.stm32cube.ide.mcu.externaltools.gnu-tools-for-stm32.11.3.rel1.win32_1.1.100.202309141235/tools/bin/../lib/gcc/arm-none-eabi/11.3.1/../../../../arm-none-eabi/lib/thumb/v7e-m+fp/hard\libc_nano.a(libc_a-memset.o)
 .ARM.attributes
                0x0000000000000587       0x34 C:/ST/STM32CubeIDE_1.14.1/STM32CubeIDE/plugins/com.st.stm32cube.ide.mcu.externaltools.gnu-tools-for-stm32.11.3.rel1.win32_1.1.100.202309141235/tools/bin/../lib/gcc/arm-none-eabi/11.3.1/../../../../arm-none-eabi/lib/thumb/v7e-m+fp/hard\libc_nano.a(libc_a-reent.o)
 .ARM.attributes
                0x00000000000005bb       0x34 C:/ST/STM32CubeIDE_1.14.1/STM32CubeIDE/plugins/com.st.stm32cube.ide.mcu.externaltools.gnu-tools-for-stm32.11.3.rel1.win32_1.1.100.202309141235/tools/bin/../lib/gcc/arm-none-eabi/11.3.1/../../../../arm-none-eabi/lib/thumb/v7e-m+fp/hard\libc_nano.a(libc_a-impure.o)
 .ARM.attributes
                0x00000000000005ef       0x34 C:/ST/STM32CubeIDE_1.14.1/STM32CubeIDE/plugins/com.st.stm32cube.ide.mcu.externaltools.gnu-tools-for-stm32.11.3.rel1.win32_1.1.100.202309141235/tools/bin/../lib/gcc/arm-none-eabi/11.3.1/../../../../arm-none-eabi/lib/thumb/v7e-m+fp/hard\libc_nano.a(libc_a-errno.o)
 .ARM.attributes
                0x0000000000000623       0x34 C:/ST/STM32CubeIDE_1.14.1/STM32CubeIDE/plugins/com.st.stm32cube.ide.mcu.externaltools.gnu-tools-for-stm32.11.3.rel1.win32_1.1.100.202309141235/tools/bin/../lib/gcc/arm-none-eabi/11.3.1/../../../../arm-none-eabi/lib/thumb/v7e-m+fp/hard\libc_nano.a(libc_a-init.o)
 .ARM.attributes
                0x0000000000000657       0x34 C:/ST/STM32CubeIDE_1.14.1/STM32CubeIDE/plugins/com.st.stm32cube.ide.mcu.externaltools.gnu-tools-for-stm32.11.3.rel1.win32_1.1.100.202309141235/tools/bin/../lib/gcc/arm-none-eabi/11.3.1/../../../../arm-none-eabi/lib/thumb/v7e-m+fp/hard\libc_nano.a(libc_a-lock.o)
 .ARM.attributes
                0x000000000000068b       0x17 C:/ST/STM32CubeIDE_1.14.1/STM32CubeIDE/plugins/com.st.stm32cube.ide.mcu.externaltools.gnu-tools-for-stm32.11.3.rel1.win32_1.1.100.202309141235/tools/bin/../lib/gcc/arm-none-eabi/11.3.1/../../../../arm-none-eabi/lib/thumb/v7e-m+fp/hard\libc_nano.a(libc_a-strlen.o)
 .ARM.attributes
                0x00000000000006a2       0x34 C:/ST/STM32CubeIDE_1.14.1/STM32CubeIDE/plugins/com.st.stm32cube.ide.mcu.externaltools.gnu-tools-for-stm32.11.3.rel1.win32_1.1.100.202309141235/tools/bin/../lib/gcc/arm-none-eabi/11.3.1/../../../../arm-none-eabi/lib/thumb/v7e-m+fp/hard\libc_nano.a(libc_a-freer.o)
 .ARM.attributes
                0x00000000000006d6       0x34 C:/ST/STM32CubeIDE_1.14.1/STM32CubeIDE/plugins/com.st.stm32cube.ide.mcu.externaltools.gnu-tools-for-stm32.11.3.rel1.win32_1.1.100.202309141235/tools/bin/../lib/gcc/arm-none-eabi/11.3.1/../../../../arm-none-eabi/lib/thumb/v7e-m+fp/hard\libc_nano.a(libc_a-mallocr.o)
 .ARM.attributes
                0x000000000000070a       0x34 C:/ST/STM32CubeIDE_1.14.1/STM32CubeIDE/plugins/com.st.stm32cube.ide.mcu.externaltools.gnu-tools-for-stm32.11.3.rel1.win32_1.1.100.202309141235/tools/bin/../lib/gcc/arm-none-eabi/11.3.1/../../../../arm-none-eabi/lib/thumb/v7e-m+fp/hard\libc_nano.a(libc_a-mlock.o)
 .ARM.attributes
                0x000000000000073e       0x34 C:/ST/STM32CubeIDE_1.14.1/STM32CubeIDE/plugins/com.st.stm32cube.ide.mcu.externaltools.gnu-tools-for-stm32.11.3.rel1.win32_1.1.100.202309141235/tools/bin/../lib/gcc/arm-none-eabi/11.3.1/../../../../arm-none-eabi/lib/thumb/v7e-m+fp/hard\libc_nano.a(libc_a-nano-svfprintf.o)
 .ARM.attributes
                0x0000000000000772       0x34 C:/ST/STM32CubeIDE_1.14.1/STM32CubeIDE/plugins/com.st.stm32cube.ide.mcu.externaltools.gnu-tools-for-stm32.11.3.rel1.win32_1.1.100.202309141235/tools/bin/../lib/gcc/arm-none-eabi/11.3.1/../../../../arm-none-eabi/lib/thumb/v7e-m+fp/hard\libc_nano.a(libc_a-nano-vfprintf_i.o)
 .ARM.attributes
                0x00000000000007a6       0x34 C:/ST/STM32CubeIDE_1.14.1/STM32CubeIDE/plugins/com.st.stm32cube.ide.mcu.externaltools.gnu-tools-for-stm32.11.3.rel1.win32_1.1.100.202309141235/tools/bin/../lib/gcc/arm-none-eabi/11.3.1/../../../../arm-none-eabi/lib/thumb/v7e-m+fp/hard\libc_nano.a(libc_a-memmove.o)
 .ARM.attributes
                0x00000000000007da       0x34 C:/ST/STM32CubeIDE_1.14.1/STM32CubeIDE/plugins/com.st.stm32cube.ide.mcu.externaltools.gnu-tools-for-stm32.11.3.rel1.win32_1.1.100.202309141235/tools/bin/../lib/gcc/arm-none-eabi/11.3.1/../../../../arm-none-eabi/lib/thumb/v7e-m+fp/hard\libc_nano.a(libc_a-sbrkr.o)
 .ARM.attributes
                0x000000000000080e       0x1c C:/ST/STM32CubeIDE_1.14.1/STM32CubeIDE/plugins/com.st.stm32cube.ide.mcu.externaltools.gnu-tools-for-stm32.11.3.rel1.win32_1.1.100.202309141235/tools/bin/../lib/gcc/arm-none-eabi/11.3.1/../../../../arm-none-eabi/lib/thumb/v7e-m+fp/hard\libc_nano.a(libc_a-memchr.o)
 .ARM.attributes
                0x000000000000082a       0x34 C:/ST/STM32CubeIDE_1.14.1/STM32CubeIDE/plugins/com.st.stm32cube.ide.mcu.externaltools.gnu-tools-for-stm32.11.3.rel1.win32_1.1.100.202309141235/tools/bin/../lib/gcc/arm-none-eabi/11.3.1/../../../../arm-none-eabi/lib/thumb/v7e-m+fp/hard\libc_nano.a(libc_a-memcpy-stub.o)
 .ARM.attributes
                0x000000000000085e       0x34 C:/ST/STM32CubeIDE_1.14.1/STM32CubeIDE/plugins/com.st.stm32cube.ide.mcu.externaltools.gnu-tools-for-stm32.11.3.rel1.win32_1.1.100.202309141235/tools/bin/../lib/gcc/arm-none-eabi/11.3.1/../../../../arm-none-eabi/lib/thumb/v7e-m+fp/hard\libc_nano.a(libc_a-reallocr.o)
 .ARM.attributes
                0x0000000000000892       0x34 C:/ST/STM32CubeIDE_1.14.1/STM32CubeIDE/plugins/com.st.stm32cube.ide.mcu.externaltools.gnu-tools-for-stm32.11.3.rel1.win32_1.1.100.202309141235/tools/bin/../lib/gcc/arm-none-eabi/11.3.1/../../../../arm-none-eabi/lib/thumb/v7e-m+fp/hard\libc_nano.a(libc_a-msizer.o)
 .ARM.attributes
                0x00000000000008c6       0x1e C:/ST/STM32CubeIDE_1.14.1/STM32CubeIDE/plugins/com.st.stm32cube.ide.mcu.externaltools.gnu-tools-for-stm32.11.3.rel1.win32_1.1.100.202309141235/tools/bin/../lib/gcc/arm-none-eabi/11.3.1/thumb/v7e-m+fp/hard/crtn.o
OUTPUT(proyeco_final_digital.elf elf32-littlearm)
LOAD linker stubs
LOAD C:/ST/STM32CubeIDE_1.14.1/STM32CubeIDE/plugins/com.st.stm32cube.ide.mcu.externaltools.gnu-tools-for-stm32.11.3.rel1.win32_1.1.100.202309141235/tools/bin/../lib/gcc/arm-none-eabi/11.3.1/../../../../arm-none-eabi/lib/thumb/v7e-m+fp/hard\libc.a
LOAD C:/ST/STM32CubeIDE_1.14.1/STM32CubeIDE/plugins/com.st.stm32cube.ide.mcu.externaltools.gnu-tools-for-stm32.11.3.rel1.win32_1.1.100.202309141235/tools/bin/../lib/gcc/arm-none-eabi/11.3.1/../../../../arm-none-eabi/lib/thumb/v7e-m+fp/hard\libm.a
LOAD C:/ST/STM32CubeIDE_1.14.1/STM32CubeIDE/plugins/com.st.stm32cube.ide.mcu.externaltools.gnu-tools-for-stm32.11.3.rel1.win32_1.1.100.202309141235/tools/bin/../lib/gcc/arm-none-eabi/11.3.1/thumb/v7e-m+fp/hard\libgcc.a

.comment        0x0000000000000000       0x43
 .comment       0x0000000000000000       0x43 C:/ST/STM32CubeIDE_1.14.1/STM32CubeIDE/plugins/com.st.stm32cube.ide.mcu.externaltools.gnu-tools-for-stm32.11.3.rel1.win32_1.1.100.202309141235/tools/bin/../lib/gcc/arm-none-eabi/11.3.1/thumb/v7e-m+fp/hard/crtbegin.o
                                         0x44 (size before relaxing)
 .comment       0x0000000000000043       0x44 ./Core/Src/keypadmodify.o
 .comment       0x0000000000000043       0x44 ./Core/Src/lcd.o
 .comment       0x0000000000000043       0x44 ./Core/Src/main.o
 .comment       0x0000000000000043       0x44 ./Core/Src/stm32f3xx_hal_msp.o
 .comment       0x0000000000000043       0x44 ./Core/Src/stm32f3xx_it.o
 .comment       0x0000000000000043       0x44 ./Core/Src/sysmem.o
 .comment       0x0000000000000043       0x44 ./Core/Src/system_stm32f3xx.o
 .comment       0x0000000000000043       0x44 ./Drivers/STM32F3xx_HAL_Driver/Src/stm32f3xx_hal.o
 .comment       0x0000000000000043       0x44 ./Drivers/STM32F3xx_HAL_Driver/Src/stm32f3xx_hal_adc.o
 .comment       0x0000000000000043       0x44 ./Drivers/STM32F3xx_HAL_Driver/Src/stm32f3xx_hal_adc_ex.o
 .comment       0x0000000000000043       0x44 ./Drivers/STM32F3xx_HAL_Driver/Src/stm32f3xx_hal_cortex.o
 .comment       0x0000000000000043       0x44 ./Drivers/STM32F3xx_HAL_Driver/Src/stm32f3xx_hal_dma.o
 .comment       0x0000000000000043       0x44 ./Drivers/STM32F3xx_HAL_Driver/Src/stm32f3xx_hal_gpio.o
 .comment       0x0000000000000043       0x44 ./Drivers/STM32F3xx_HAL_Driver/Src/stm32f3xx_hal_i2c.o
 .comment       0x0000000000000043       0x44 ./Drivers/STM32F3xx_HAL_Driver/Src/stm32f3xx_hal_i2c_ex.o
 .comment       0x0000000000000043       0x44 ./Drivers/STM32F3xx_HAL_Driver/Src/stm32f3xx_hal_rcc.o
 .comment       0x0000000000000043       0x44 ./Drivers/STM32F3xx_HAL_Driver/Src/stm32f3xx_hal_rcc_ex.o
 .comment       0x0000000000000043       0x44 ./Drivers/STM32F3xx_HAL_Driver/Src/stm32f3xx_hal_rtc.o
 .comment       0x0000000000000043       0x44 ./Drivers/STM32F3xx_HAL_Driver/Src/stm32f3xx_hal_rtc_ex.o
 .comment       0x0000000000000043       0x44 ./Drivers/STM32F3xx_HAL_Driver/Src/stm32f3xx_hal_tim.o
 .comment       0x0000000000000043       0x44 ./Drivers/STM32F3xx_HAL_Driver/Src/stm32f3xx_hal_tim_ex.o
 .comment       0x0000000000000043       0x44 ./Drivers/STM32F3xx_HAL_Driver/Src/stm32f3xx_hal_uart.o

.debug_info     0x0000000000000000    0x16d30
 .debug_info    0x0000000000000000      0x2c7 ./Core/Src/keypadmodify.o
 .debug_info    0x00000000000002c7      0x88b ./Core/Src/lcd.o
 .debug_info    0x0000000000000b52     0x25b9 ./Core/Src/main.o
 .debug_info    0x000000000000310b     0x1a8a ./Core/Src/stm32f3xx_hal_msp.o
 .debug_info    0x0000000000004b95      0x6a0 ./Core/Src/stm32f3xx_it.o
 .debug_info    0x0000000000005235      0x168 ./Core/Src/sysmem.o
 .debug_info    0x000000000000539d      0x407 ./Core/Src/system_stm32f3xx.o
 .debug_info    0x00000000000057a4       0x23 ./Core/Startup/startup_stm32f302r8tx.o
 .debug_info    0x00000000000057c7      0x774 ./Drivers/STM32F3xx_HAL_Driver/Src/stm32f3xx_hal.o
 .debug_info    0x0000000000005f3b      0xb32 ./Drivers/STM32F3xx_HAL_Driver/Src/stm32f3xx_hal_adc.o
 .debug_info    0x0000000000006a6d     0x13a2 ./Drivers/STM32F3xx_HAL_Driver/Src/stm32f3xx_hal_adc_ex.o
 .debug_info    0x0000000000007e0f      0xab1 ./Drivers/STM32F3xx_HAL_Driver/Src/stm32f3xx_hal_cortex.o
 .debug_info    0x00000000000088c0      0x6e1 ./Drivers/STM32F3xx_HAL_Driver/Src/stm32f3xx_hal_dma.o
 .debug_info    0x0000000000008fa1      0x5fe ./Drivers/STM32F3xx_HAL_Driver/Src/stm32f3xx_hal_gpio.o
 .debug_info    0x000000000000959f     0x20c3 ./Drivers/STM32F3xx_HAL_Driver/Src/stm32f3xx_hal_i2c.o
 .debug_info    0x000000000000b662      0x818 ./Drivers/STM32F3xx_HAL_Driver/Src/stm32f3xx_hal_i2c_ex.o
 .debug_info    0x000000000000be7a     0x148a ./Drivers/STM32F3xx_HAL_Driver/Src/stm32f3xx_hal_rcc.o
 .debug_info    0x000000000000d304      0x590 ./Drivers/STM32F3xx_HAL_Driver/Src/stm32f3xx_hal_rcc_ex.o
 .debug_info    0x000000000000d894      0xc8a ./Drivers/STM32F3xx_HAL_Driver/Src/stm32f3xx_hal_rtc.o
 .debug_info    0x000000000000e51e      0xe8d ./Drivers/STM32F3xx_HAL_Driver/Src/stm32f3xx_hal_rtc_ex.o
 .debug_info    0x000000000000f3ab     0x2a70 ./Drivers/STM32F3xx_HAL_Driver/Src/stm32f3xx_hal_tim.o
 .debug_info    0x0000000000011e1b     0x156d ./Drivers/STM32F3xx_HAL_Driver/Src/stm32f3xx_hal_tim_ex.o
 .debug_info    0x0000000000013388     0x39a8 ./Drivers/STM32F3xx_HAL_Driver/Src/stm32f3xx_hal_uart.o

.debug_abbrev   0x0000000000000000     0x2f4c
 .debug_abbrev  0x0000000000000000      0x156 ./Core/Src/keypadmodify.o
 .debug_abbrev  0x0000000000000156      0x21c ./Core/Src/lcd.o
 .debug_abbrev  0x0000000000000372      0x3c6 ./Core/Src/main.o
 .debug_abbrev  0x0000000000000738      0x2b8 ./Core/Src/stm32f3xx_hal_msp.o
 .debug_abbrev  0x00000000000009f0      0x16e ./Core/Src/stm32f3xx_it.o
 .debug_abbrev  0x0000000000000b5e       0xbc ./Core/Src/sysmem.o
 .debug_abbrev  0x0000000000000c1a      0x11a ./Core/Src/system_stm32f3xx.o
 .debug_abbrev  0x0000000000000d34       0x12 ./Core/Startup/startup_stm32f302r8tx.o
 .debug_abbrev  0x0000000000000d46      0x215 ./Drivers/STM32F3xx_HAL_Driver/Src/stm32f3xx_hal.o
 .debug_abbrev  0x0000000000000f5b      0x186 ./Drivers/STM32F3xx_HAL_Driver/Src/stm32f3xx_hal_adc.o
 .debug_abbrev  0x00000000000010e1      0x28e ./Drivers/STM32F3xx_HAL_Driver/Src/stm32f3xx_hal_adc_ex.o
 .debug_abbrev  0x000000000000136f      0x2f8 ./Drivers/STM32F3xx_HAL_Driver/Src/stm32f3xx_hal_cortex.o
 .debug_abbrev  0x0000000000001667      0x20d ./Drivers/STM32F3xx_HAL_Driver/Src/stm32f3xx_hal_dma.o
 .debug_abbrev  0x0000000000001874      0x1ca ./Drivers/STM32F3xx_HAL_Driver/Src/stm32f3xx_hal_gpio.o
 .debug_abbrev  0x0000000000001a3e      0x260 ./Drivers/STM32F3xx_HAL_Driver/Src/stm32f3xx_hal_i2c.o
 .debug_abbrev  0x0000000000001c9e      0x1c2 ./Drivers/STM32F3xx_HAL_Driver/Src/stm32f3xx_hal_i2c_ex.o
 .debug_abbrev  0x0000000000001e60      0x300 ./Drivers/STM32F3xx_HAL_Driver/Src/stm32f3xx_hal_rcc.o
 .debug_abbrev  0x0000000000002160      0x221 ./Drivers/STM32F3xx_HAL_Driver/Src/stm32f3xx_hal_rcc_ex.o
 .debug_abbrev  0x0000000000002381      0x1dc ./Drivers/STM32F3xx_HAL_Driver/Src/stm32f3xx_hal_rtc.o
 .debug_abbrev  0x000000000000255d      0x223 ./Drivers/STM32F3xx_HAL_Driver/Src/stm32f3xx_hal_rtc_ex.o
 .debug_abbrev  0x0000000000002780      0x278 ./Drivers/STM32F3xx_HAL_Driver/Src/stm32f3xx_hal_tim.o
 .debug_abbrev  0x00000000000029f8      0x283 ./Drivers/STM32F3xx_HAL_Driver/Src/stm32f3xx_hal_tim_ex.o
 .debug_abbrev  0x0000000000002c7b      0x2d1 ./Drivers/STM32F3xx_HAL_Driver/Src/stm32f3xx_hal_uart.o

.debug_aranges  0x0000000000000000     0x14a0
 .debug_aranges
                0x0000000000000000       0x20 ./Core/Src/keypadmodify.o
 .debug_aranges
                0x0000000000000020       0x60 ./Core/Src/lcd.o
 .debug_aranges
                0x0000000000000080       0xd8 ./Core/Src/main.o
 .debug_aranges
                0x0000000000000158       0x70 ./Core/Src/stm32f3xx_hal_msp.o
 .debug_aranges
                0x00000000000001c8       0x70 ./Core/Src/stm32f3xx_it.o
 .debug_aranges
                0x0000000000000238       0x20 ./Core/Src/sysmem.o
 .debug_aranges
                0x0000000000000258       0x28 ./Core/Src/system_stm32f3xx.o
 .debug_aranges
                0x0000000000000280       0x28 ./Core/Startup/startup_stm32f302r8tx.o
 .debug_aranges
                0x00000000000002a8       0xe0 ./Drivers/STM32F3xx_HAL_Driver/Src/stm32f3xx_hal.o
 .debug_aranges
                0x0000000000000388       0xc8 ./Drivers/STM32F3xx_HAL_Driver/Src/stm32f3xx_hal_adc.o
 .debug_aranges
                0x0000000000000450      0x140 ./Drivers/STM32F3xx_HAL_Driver/Src/stm32f3xx_hal_adc_ex.o
 .debug_aranges
                0x0000000000000590      0x100 ./Drivers/STM32F3xx_HAL_Driver/Src/stm32f3xx_hal_cortex.o
 .debug_aranges
                0x0000000000000690       0x88 ./Drivers/STM32F3xx_HAL_Driver/Src/stm32f3xx_hal_dma.o
 .debug_aranges
                0x0000000000000718       0x58 ./Drivers/STM32F3xx_HAL_Driver/Src/stm32f3xx_hal_gpio.o
 .debug_aranges
                0x0000000000000770      0x2a0 ./Drivers/STM32F3xx_HAL_Driver/Src/stm32f3xx_hal_i2c.o
 .debug_aranges
                0x0000000000000a10       0x48 ./Drivers/STM32F3xx_HAL_Driver/Src/stm32f3xx_hal_i2c_ex.o
 .debug_aranges
                0x0000000000000a58       0x88 ./Drivers/STM32F3xx_HAL_Driver/Src/stm32f3xx_hal_rcc.o
 .debug_aranges
                0x0000000000000ae0       0x38 ./Drivers/STM32F3xx_HAL_Driver/Src/stm32f3xx_hal_rcc_ex.o
 .debug_aranges
                0x0000000000000b18       0xe8 ./Drivers/STM32F3xx_HAL_Driver/Src/stm32f3xx_hal_rtc.o
 .debug_aranges
                0x0000000000000c00      0x120 ./Drivers/STM32F3xx_HAL_Driver/Src/stm32f3xx_hal_rtc_ex.o
 .debug_aranges
                0x0000000000000d20      0x3e0 ./Drivers/STM32F3xx_HAL_Driver/Src/stm32f3xx_hal_tim.o
 .debug_aranges
                0x0000000000001100      0x178 ./Drivers/STM32F3xx_HAL_Driver/Src/stm32f3xx_hal_tim_ex.o
 .debug_aranges
                0x0000000000001278      0x228 ./Drivers/STM32F3xx_HAL_Driver/Src/stm32f3xx_hal_uart.o

.debug_rnglists
                0x0000000000000000     0x1043
 .debug_rnglists
                0x0000000000000000       0x14 ./Core/Src/keypadmodify.o
 .debug_rnglists
                0x0000000000000014       0x44 ./Core/Src/lcd.o
 .debug_rnglists
                0x0000000000000058       0xb7 ./Core/Src/main.o
 .debug_rnglists
                0x000000000000010f       0x52 ./Core/Src/stm32f3xx_hal_msp.o
 .debug_rnglists
                0x0000000000000161       0x4f ./Core/Src/stm32f3xx_it.o
 .debug_rnglists
                0x00000000000001b0       0x13 ./Core/Src/sysmem.o
 .debug_rnglists
                0x00000000000001c3       0x1a ./Core/Src/system_stm32f3xx.o
 .debug_rnglists
                0x00000000000001dd       0x19 ./Core/Startup/startup_stm32f302r8tx.o
 .debug_rnglists
                0x00000000000001f6       0xa3 ./Drivers/STM32F3xx_HAL_Driver/Src/stm32f3xx_hal.o
 .debug_rnglists
                0x0000000000000299       0x91 ./Drivers/STM32F3xx_HAL_Driver/Src/stm32f3xx_hal_adc.o
 .debug_rnglists
                0x000000000000032a      0x104 ./Drivers/STM32F3xx_HAL_Driver/Src/stm32f3xx_hal_adc_ex.o
 .debug_rnglists
                0x000000000000042e       0xbb ./Drivers/STM32F3xx_HAL_Driver/Src/stm32f3xx_hal_cortex.o
 .debug_rnglists
                0x00000000000004e9       0x69 ./Drivers/STM32F3xx_HAL_Driver/Src/stm32f3xx_hal_dma.o
 .debug_rnglists
                0x0000000000000552       0x3f ./Drivers/STM32F3xx_HAL_Driver/Src/stm32f3xx_hal_gpio.o
 .debug_rnglists
                0x0000000000000591      0x228 ./Drivers/STM32F3xx_HAL_Driver/Src/stm32f3xx_hal_i2c.o
 .debug_rnglists
                0x00000000000007b9       0x35 ./Drivers/STM32F3xx_HAL_Driver/Src/stm32f3xx_hal_i2c_ex.o
 .debug_rnglists
                0x00000000000007ee       0x66 ./Drivers/STM32F3xx_HAL_Driver/Src/stm32f3xx_hal_rcc.o
 .debug_rnglists
                0x0000000000000854       0x28 ./Drivers/STM32F3xx_HAL_Driver/Src/stm32f3xx_hal_rcc_ex.o
 .debug_rnglists
                0x000000000000087c       0xb4 ./Drivers/STM32F3xx_HAL_Driver/Src/stm32f3xx_hal_rtc.o
 .debug_rnglists
                0x0000000000000930       0xe0 ./Drivers/STM32F3xx_HAL_Driver/Src/stm32f3xx_hal_rtc_ex.o
 .debug_rnglists
                0x0000000000000a10      0x328 ./Drivers/STM32F3xx_HAL_Driver/Src/stm32f3xx_hal_tim.o
 .debug_rnglists
                0x0000000000000d38      0x131 ./Drivers/STM32F3xx_HAL_Driver/Src/stm32f3xx_hal_tim_ex.o
 .debug_rnglists
                0x0000000000000e69      0x1da ./Drivers/STM32F3xx_HAL_Driver/Src/stm32f3xx_hal_uart.o

.debug_macro    0x0000000000000000    0x1e267
 .debug_macro   0x0000000000000000      0x210 ./Core/Src/keypadmodify.o
 .debug_macro   0x0000000000000210      0xaa8 ./Core/Src/keypadmodify.o
 .debug_macro   0x0000000000000cb8      0x163 ./Core/Src/keypadmodify.o
 .debug_macro   0x0000000000000e1b       0x2e ./Core/Src/keypadmodify.o
 .debug_macro   0x0000000000000e49       0x28 ./Core/Src/keypadmodify.o
 .debug_macro   0x0000000000000e71       0x22 ./Core/Src/keypadmodify.o
 .debug_macro   0x0000000000000e93       0x8e ./Core/Src/keypadmodify.o
 .debug_macro   0x0000000000000f21       0x51 ./Core/Src/keypadmodify.o
 .debug_macro   0x0000000000000f72      0x103 ./Core/Src/keypadmodify.o
 .debug_macro   0x0000000000001075       0x6a ./Core/Src/keypadmodify.o
 .debug_macro   0x00000000000010df      0x1df ./Core/Src/keypadmodify.o
 .debug_macro   0x00000000000012be       0x1c ./Core/Src/keypadmodify.o
 .debug_macro   0x00000000000012da       0x22 ./Core/Src/keypadmodify.o
 .debug_macro   0x00000000000012fc       0xd9 ./Core/Src/keypadmodify.o
 .debug_macro   0x00000000000013d5      0xf07 ./Core/Src/keypadmodify.o
 .debug_macro   0x00000000000022dc    0x110e8 ./Core/Src/keypadmodify.o
 .debug_macro   0x00000000000133c4       0x6d ./Core/Src/keypadmodify.o
 .debug_macro   0x0000000000013431     0x3574 ./Core/Src/keypadmodify.o
 .debug_macro   0x00000000000169a5      0x174 ./Core/Src/keypadmodify.o
 .debug_macro   0x0000000000016b19       0x55 ./Core/Src/keypadmodify.o
 .debug_macro   0x0000000000016b6e      0x8f8 ./Core/Src/keypadmodify.o
 .debug_macro   0x0000000000017466      0x41b ./Core/Src/keypadmodify.o
 .debug_macro   0x0000000000017881      0x1b5 ./Core/Src/keypadmodify.o
 .debug_macro   0x0000000000017a36      0x161 ./Core/Src/keypadmodify.o
 .debug_macro   0x0000000000017b97      0x1d5 ./Core/Src/keypadmodify.o
 .debug_macro   0x0000000000017d6c      0x1bc ./Core/Src/keypadmodify.o
 .debug_macro   0x0000000000017f28       0x34 ./Core/Src/keypadmodify.o
 .debug_macro   0x0000000000017f5c       0x3c ./Core/Src/keypadmodify.o
 .debug_macro   0x0000000000017f98       0x57 ./Core/Src/keypadmodify.o
 .debug_macro   0x0000000000017fef      0x7b9 ./Core/Src/keypadmodify.o
 .debug_macro   0x00000000000187a8       0x77 ./Core/Src/keypadmodify.o
 .debug_macro   0x000000000001881f       0xc5 ./Core/Src/keypadmodify.o
 .debug_macro   0x00000000000188e4      0x19f ./Core/Src/keypadmodify.o
 .debug_macro   0x0000000000018a83      0x22c ./Core/Src/keypadmodify.o
 .debug_macro   0x0000000000018caf       0x5b ./Core/Src/keypadmodify.o
 .debug_macro   0x0000000000018d0a       0xa5 ./Core/Src/keypadmodify.o
 .debug_macro   0x0000000000018daf       0x81 ./Core/Src/keypadmodify.o
 .debug_macro   0x0000000000018e30       0xd3 ./Core/Src/keypadmodify.o
 .debug_macro   0x0000000000018f03      0x30c ./Core/Src/keypadmodify.o
 .debug_macro   0x000000000001920f      0x417 ./Core/Src/keypadmodify.o
 .debug_macro   0x0000000000019626       0xeb ./Core/Src/keypadmodify.o
 .debug_macro   0x0000000000019711      0xa60 ./Core/Src/keypadmodify.o
 .debug_macro   0x000000000001a171       0x41 ./Core/Src/keypadmodify.o
 .debug_macro   0x000000000001a1b2      0x5ba ./Core/Src/keypadmodify.o
 .debug_macro   0x000000000001a76c       0x44 ./Core/Src/keypadmodify.o
 .debug_macro   0x000000000001a7b0      0x1f7 ./Core/Src/keypadmodify.o
 .debug_macro   0x000000000001a9a7       0xac ./Core/Src/keypadmodify.o
 .debug_macro   0x000000000001aa53      0x303 ./Core/Src/lcd.o
 .debug_macro   0x000000000001ad56       0x61 ./Core/Src/lcd.o
 .debug_macro   0x000000000001adb7       0x2a ./Core/Src/lcd.o
 .debug_macro   0x000000000001ade1       0x43 ./Core/Src/lcd.o
 .debug_macro   0x000000000001ae24       0x34 ./Core/Src/lcd.o
 .debug_macro   0x000000000001ae58       0x16 ./Core/Src/lcd.o
 .debug_macro   0x000000000001ae6e       0x43 ./Core/Src/lcd.o
 .debug_macro   0x000000000001aeb1       0x34 ./Core/Src/lcd.o
 .debug_macro   0x000000000001aee5       0x10 ./Core/Src/lcd.o
 .debug_macro   0x000000000001aef5       0x58 ./Core/Src/lcd.o
 .debug_macro   0x000000000001af4d       0x8e ./Core/Src/lcd.o
 .debug_macro   0x000000000001afdb       0x1c ./Core/Src/lcd.o
 .debug_macro   0x000000000001aff7      0x177 ./Core/Src/lcd.o
 .debug_macro   0x000000000001b16e      0x369 ./Core/Src/lcd.o
 .debug_macro   0x000000000001b4d7       0x10 ./Core/Src/lcd.o
 .debug_macro   0x000000000001b4e7       0x35 ./Core/Src/lcd.o
 .debug_macro   0x000000000001b51c       0x20 ./Core/Src/lcd.o
 .debug_macro   0x000000000001b53c       0x1c ./Core/Src/lcd.o
 .debug_macro   0x000000000001b558       0x10 ./Core/Src/lcd.o
 .debug_macro   0x000000000001b568       0x1c ./Core/Src/lcd.o
 .debug_macro   0x000000000001b584       0x16 ./Core/Src/lcd.o
 .debug_macro   0x000000000001b59a      0x147 ./Core/Src/lcd.o
 .debug_macro   0x000000000001b6e1      0x334 ./Core/Src/main.o
 .debug_macro   0x000000000001ba15       0x16 ./Core/Src/main.o
 .debug_macro   0x000000000001ba2b       0x16 ./Core/Src/main.o
 .debug_macro   0x000000000001ba41      0x206 ./Core/Src/stm32f3xx_hal_msp.o
 .debug_macro   0x000000000001bc47      0x210 ./Core/Src/stm32f3xx_it.o
 .debug_macro   0x000000000001be57       0xff ./Core/Src/sysmem.o
 .debug_macro   0x000000000001bf56      0x23c ./Core/Src/sysmem.o
 .debug_macro   0x000000000001c192      0x1f7 ./Core/Src/system_stm32f3xx.o
 .debug_macro   0x000000000001c389      0x21b ./Drivers/STM32F3xx_HAL_Driver/Src/stm32f3xx_hal.o
 .debug_macro   0x000000000001c5a4      0x1f8 ./Drivers/STM32F3xx_HAL_Driver/Src/stm32f3xx_hal_adc.o
 .debug_macro   0x000000000001c79c      0x221 ./Drivers/STM32F3xx_HAL_Driver/Src/stm32f3xx_hal_adc_ex.o
 .debug_macro   0x000000000001c9bd      0x1f7 ./Drivers/STM32F3xx_HAL_Driver/Src/stm32f3xx_hal_cortex.o
 .debug_macro   0x000000000001cbb4      0x1f7 ./Drivers/STM32F3xx_HAL_Driver/Src/stm32f3xx_hal_dma.o
 .debug_macro   0x000000000001cdab      0x1fe ./Drivers/STM32F3xx_HAL_Driver/Src/stm32f3xx_hal_gpio.o
 .debug_macro   0x000000000001cfa9      0x2c3 ./Drivers/STM32F3xx_HAL_Driver/Src/stm32f3xx_hal_i2c.o
 .debug_macro   0x000000000001d26c      0x1f7 ./Drivers/STM32F3xx_HAL_Driver/Src/stm32f3xx_hal_i2c_ex.o
 .debug_macro   0x000000000001d463      0x21b ./Drivers/STM32F3xx_HAL_Driver/Src/stm32f3xx_hal_rcc.o
 .debug_macro   0x000000000001d67e      0x1f7 ./Drivers/STM32F3xx_HAL_Driver/Src/stm32f3xx_hal_rcc_ex.o
 .debug_macro   0x000000000001d875      0x1f8 ./Drivers/STM32F3xx_HAL_Driver/Src/stm32f3xx_hal_rtc.o
 .debug_macro   0x000000000001da6d      0x1f7 ./Drivers/STM32F3xx_HAL_Driver/Src/stm32f3xx_hal_rtc_ex.o
 .debug_macro   0x000000000001dc64      0x1f8 ./Drivers/STM32F3xx_HAL_Driver/Src/stm32f3xx_hal_tim.o
 .debug_macro   0x000000000001de5c      0x1f7 ./Drivers/STM32F3xx_HAL_Driver/Src/stm32f3xx_hal_tim_ex.o
 .debug_macro   0x000000000001e053      0x214 ./Drivers/STM32F3xx_HAL_Driver/Src/stm32f3xx_hal_uart.o

.debug_line     0x0000000000000000    0x1ae36
 .debug_line    0x0000000000000000      0x867 ./Core/Src/keypadmodify.o
 .debug_line    0x0000000000000867      0xacd ./Core/Src/lcd.o
 .debug_line    0x0000000000001334     0x10ea ./Core/Src/main.o
 .debug_line    0x000000000000241e      0x96e ./Core/Src/stm32f3xx_hal_msp.o
 .debug_line    0x0000000000002d8c      0x8bf ./Core/Src/stm32f3xx_it.o
 .debug_line    0x000000000000364b      0x583 ./Core/Src/sysmem.o
 .debug_line    0x0000000000003bce      0x843 ./Core/Src/system_stm32f3xx.o
 .debug_line    0x0000000000004411       0x7a ./Core/Startup/startup_stm32f302r8tx.o
 .debug_line    0x000000000000448b      0xa78 ./Drivers/STM32F3xx_HAL_Driver/Src/stm32f3xx_hal.o
 .debug_line    0x0000000000004f03      0x9bc ./Drivers/STM32F3xx_HAL_Driver/Src/stm32f3xx_hal_adc.o
 .debug_line    0x00000000000058bf     0x1c44 ./Drivers/STM32F3xx_HAL_Driver/Src/stm32f3xx_hal_adc_ex.o
 .debug_line    0x0000000000007503      0xc60 ./Drivers/STM32F3xx_HAL_Driver/Src/stm32f3xx_hal_cortex.o
 .debug_line    0x0000000000008163      0xd68 ./Drivers/STM32F3xx_HAL_Driver/Src/stm32f3xx_hal_dma.o
 .debug_line    0x0000000000008ecb      0xbc3 ./Drivers/STM32F3xx_HAL_Driver/Src/stm32f3xx_hal_gpio.o
 .debug_line    0x0000000000009a8e     0x3a4f ./Drivers/STM32F3xx_HAL_Driver/Src/stm32f3xx_hal_i2c.o
 .debug_line    0x000000000000d4dd      0x9ea ./Drivers/STM32F3xx_HAL_Driver/Src/stm32f3xx_hal_i2c_ex.o
 .debug_line    0x000000000000dec7     0x1412 ./Drivers/STM32F3xx_HAL_Driver/Src/stm32f3xx_hal_rcc.o
 .debug_line    0x000000000000f2d9      0xc9d ./Drivers/STM32F3xx_HAL_Driver/Src/stm32f3xx_hal_rcc_ex.o
 .debug_line    0x000000000000ff76     0x1198 ./Drivers/STM32F3xx_HAL_Driver/Src/stm32f3xx_hal_rtc.o
 .debug_line    0x000000000001110e     0x1439 ./Drivers/STM32F3xx_HAL_Driver/Src/stm32f3xx_hal_rtc_ex.o
 .debug_line    0x0000000000012547     0x3cec ./Drivers/STM32F3xx_HAL_Driver/Src/stm32f3xx_hal_tim.o
 .debug_line    0x0000000000016233     0x1ab7 ./Drivers/STM32F3xx_HAL_Driver/Src/stm32f3xx_hal_tim_ex.o
 .debug_line    0x0000000000017cea     0x314c ./Drivers/STM32F3xx_HAL_Driver/Src/stm32f3xx_hal_uart.o

.debug_str      0x0000000000000000    0xb3fe5
 .debug_str     0x0000000000000000    0xaa0b2 ./Core/Src/keypadmodify.o
                                      0xaa32c (size before relaxing)
 .debug_str     0x00000000000aa0b2     0x3c99 ./Core/Src/lcd.o
                                      0xadd63 (size before relaxing)
 .debug_str     0x00000000000add4b     0x1499 ./Core/Src/main.o
                                      0xaf658 (size before relaxing)
 .debug_str     0x00000000000af1e4      0x167 ./Core/Src/stm32f3xx_hal_msp.o
                                      0xab60f (size before relaxing)
 .debug_str     0x00000000000af34b      0x122 ./Core/Src/stm32f3xx_it.o
                                      0xaa6fc (size before relaxing)
 .debug_str     0x00000000000af46d      0x536 ./Core/Src/sysmem.o
                                       0x607c (size before relaxing)
 .debug_str     0x00000000000af9a3       0xdf ./Core/Src/system_stm32f3xx.o
                                      0xaa13c (size before relaxing)
 .debug_str     0x00000000000afa82       0x34 ./Core/Startup/startup_stm32f302r8tx.o
                                         0x8e (size before relaxing)
 .debug_str     0x00000000000afab6      0x36e ./Drivers/STM32F3xx_HAL_Driver/Src/stm32f3xx_hal.o
                                      0xaa896 (size before relaxing)
 .debug_str     0x00000000000afe24      0x1eb ./Drivers/STM32F3xx_HAL_Driver/Src/stm32f3xx_hal_adc.o
                                      0xaa729 (size before relaxing)
 .debug_str     0x00000000000b000f      0x643 ./Drivers/STM32F3xx_HAL_Driver/Src/stm32f3xx_hal_adc_ex.o
                                      0xaad5e (size before relaxing)
 .debug_str     0x00000000000b0652      0x218 ./Drivers/STM32F3xx_HAL_Driver/Src/stm32f3xx_hal_cortex.o
                                      0xaa7bb (size before relaxing)
 .debug_str     0x00000000000b086a      0x1fa ./Drivers/STM32F3xx_HAL_Driver/Src/stm32f3xx_hal_dma.o
                                      0xaa484 (size before relaxing)
 .debug_str     0x00000000000b0a64      0x11a ./Drivers/STM32F3xx_HAL_Driver/Src/stm32f3xx_hal_gpio.o
                                      0xaa2b2 (size before relaxing)
 .debug_str     0x00000000000b0b7e      0xe2b ./Drivers/STM32F3xx_HAL_Driver/Src/stm32f3xx_hal_i2c.o
                                      0xab43c (size before relaxing)
 .debug_str     0x00000000000b19a9       0xb8 ./Drivers/STM32F3xx_HAL_Driver/Src/stm32f3xx_hal_i2c_ex.o
                                      0xaa63c (size before relaxing)
 .debug_str     0x00000000000b1a61      0x2b8 ./Drivers/STM32F3xx_HAL_Driver/Src/stm32f3xx_hal_rcc.o
                                      0xaa5dc (size before relaxing)
 .debug_str     0x00000000000b1d19       0xbe ./Drivers/STM32F3xx_HAL_Driver/Src/stm32f3xx_hal_rcc_ex.o
                                      0xaa360 (size before relaxing)
 .debug_str     0x00000000000b1dd7      0x1df ./Drivers/STM32F3xx_HAL_Driver/Src/stm32f3xx_hal_rtc.o
                                      0xaa67a (size before relaxing)
 .debug_str     0x00000000000b1fb6      0x4de ./Drivers/STM32F3xx_HAL_Driver/Src/stm32f3xx_hal_rtc_ex.o
                                      0xaa8fb (size before relaxing)
 .debug_str     0x00000000000b2494      0xe27 ./Drivers/STM32F3xx_HAL_Driver/Src/stm32f3xx_hal_tim.o
                                      0xab573 (size before relaxing)
 .debug_str     0x00000000000b32bb      0x4dc ./Drivers/STM32F3xx_HAL_Driver/Src/stm32f3xx_hal_tim_ex.o
                                      0xaadb9 (size before relaxing)
 .debug_str     0x00000000000b3797      0x84e ./Drivers/STM32F3xx_HAL_Driver/Src/stm32f3xx_hal_uart.o
                                      0xaae5f (size before relaxing)

.debug_frame    0x0000000000000000     0x5cf4
 .debug_frame   0x0000000000000000       0x38 ./Core/Src/keypadmodify.o
 .debug_frame   0x0000000000000038      0x14c ./Core/Src/lcd.o
 .debug_frame   0x0000000000000184      0x340 ./Core/Src/main.o
 .debug_frame   0x00000000000004c4      0x1a4 ./Core/Src/stm32f3xx_hal_msp.o
 .debug_frame   0x0000000000000668      0x13c ./Core/Src/stm32f3xx_it.o
 .debug_frame   0x00000000000007a4       0x34 ./Core/Src/sysmem.o
 .debug_frame   0x00000000000007d8       0x58 ./Core/Src/system_stm32f3xx.o
 .debug_frame   0x0000000000000830      0x334 ./Drivers/STM32F3xx_HAL_Driver/Src/stm32f3xx_hal.o
 .debug_frame   0x0000000000000b64      0x380 ./Drivers/STM32F3xx_HAL_Driver/Src/stm32f3xx_hal_adc.o
 .debug_frame   0x0000000000000ee4      0x57c ./Drivers/STM32F3xx_HAL_Driver/Src/stm32f3xx_hal_adc_ex.o
 .debug_frame   0x0000000000001460      0x428 ./Drivers/STM32F3xx_HAL_Driver/Src/stm32f3xx_hal_cortex.o
 .debug_frame   0x0000000000001888      0x224 ./Drivers/STM32F3xx_HAL_Driver/Src/stm32f3xx_hal_dma.o
 .debug_frame   0x0000000000001aac      0x14c ./Drivers/STM32F3xx_HAL_Driver/Src/stm32f3xx_hal_gpio.o
 .debug_frame   0x0000000000001bf8      0xc38 ./Drivers/STM32F3xx_HAL_Driver/Src/stm32f3xx_hal_i2c.o
 .debug_frame   0x0000000000002830      0x100 ./Drivers/STM32F3xx_HAL_Driver/Src/stm32f3xx_hal_i2c_ex.o
 .debug_frame   0x0000000000002930      0x214 ./Drivers/STM32F3xx_HAL_Driver/Src/stm32f3xx_hal_rcc.o
 .debug_frame   0x0000000000002b44       0xb0 ./Drivers/STM32F3xx_HAL_Driver/Src/stm32f3xx_hal_rcc_ex.o
 .debug_frame   0x0000000000002bf4      0x3f4 ./Drivers/STM32F3xx_HAL_Driver/Src/stm32f3xx_hal_rtc.o
 .debug_frame   0x0000000000002fe8      0x500 ./Drivers/STM32F3xx_HAL_Driver/Src/stm32f3xx_hal_rtc_ex.o
 .debug_frame   0x00000000000034e8     0x1218 ./Drivers/STM32F3xx_HAL_Driver/Src/stm32f3xx_hal_tim.o
 .debug_frame   0x0000000000004700      0x688 ./Drivers/STM32F3xx_HAL_Driver/Src/stm32f3xx_hal_tim_ex.o
 .debug_frame   0x0000000000004d88      0x9e8 ./Drivers/STM32F3xx_HAL_Driver/Src/stm32f3xx_hal_uart.o
 .debug_frame   0x0000000000005770      0x144 C:/ST/STM32CubeIDE_1.14.1/STM32CubeIDE/plugins/com.st.stm32cube.ide.mcu.externaltools.gnu-tools-for-stm32.11.3.rel1.win32_1.1.100.202309141235/tools/bin/../lib/gcc/arm-none-eabi/11.3.1/../../../../arm-none-eabi/lib/thumb/v7e-m+fp/hard\libc_nano.a(libc_a-findfp.o)
 .debug_frame   0x00000000000058b4       0x6c C:/ST/STM32CubeIDE_1.14.1/STM32CubeIDE/plugins/com.st.stm32cube.ide.mcu.externaltools.gnu-tools-for-stm32.11.3.rel1.win32_1.1.100.202309141235/tools/bin/../lib/gcc/arm-none-eabi/11.3.1/../../../../arm-none-eabi/lib/thumb/v7e-m+fp/hard\libc_nano.a(libc_a-sprintf.o)
 .debug_frame   0x0000000000005920       0x20 C:/ST/STM32CubeIDE_1.14.1/STM32CubeIDE/plugins/com.st.stm32cube.ide.mcu.externaltools.gnu-tools-for-stm32.11.3.rel1.win32_1.1.100.202309141235/tools/bin/../lib/gcc/arm-none-eabi/11.3.1/../../../../arm-none-eabi/lib/thumb/v7e-m+fp/hard\libc_nano.a(libc_a-memset.o)