../Core/Src/main.c:80:5:main	16	static
../Core/Src/main.c:135:6:SystemClock_Config	120	static
../Core/Src/main.c:184:13:MX_ADC1_Init	32	static
../Core/Src/main.c:241:13:MX_DAC_Init	24	static
../Core/Src/main.c:281:13:MX_TIM2_Init	40	static
../Core/Src/main.c:326:13:MX_USART1_UART_Init	8	static
../Core/Src/main.c:361:13:MX_USART2_UART_Init	8	static
../Core/Src/main.c:394:13:MX_DMA_Init	16	static
../Core/Src/main.c:415:13:MX_GPIO_Init	48	static
../Core/Src/main.c:461:6:Error_Handler	4	static,ignoring_inline_asm
