20:01:22 **** Incremental Build of configuration Debug for project grabadora_de_audio ****
make -j16 all 
arm-none-eabi-gcc "../Core/Src/main.c" -mcpu=cortex-m4 -std=gnu11 -g3 -DDEBUG -DUSE_HAL_DRIVER -DSTM32F302x8 -c -I../Core/Inc -I../Drivers/STM32F3xx_HAL_Driver/Inc -I../Drivers/STM32F3xx_HAL_Driver/Inc/Legacy -I../Drivers/CMSIS/Device/ST/STM32F3xx/Include -I../Drivers/CMSIS/Include -O0 -ffunction-sections -fdata-sections -Wall -fstack-usage -fcyclomatic-complexity -MMD -MP -MF"Core/Src/main.d" -MT"Core/Src/main.o" --specs=nano.specs -mfpu=fpv4-sp-d16 -mfloat-abi=hard -mthumb -o "Core/Src/main.o"
arm-none-eabi-gcc -o "grabadora_de_audio.elf" @"objects.list"   -mcpu=cortex-m4 -T"C:\Users\thitt\STM32CubeIDE\workspace_1.11.0\grabadora_de_audio\STM32F302R8TX_FLASH.ld" --specs=nosys.specs -Wl,-Map="grabadora_de_audio.map" -Wl,--gc-sections -static --specs=nano.specs -mfpu=fpv4-sp-d16 -mfloat-abi=hard -mthumb -Wl,--start-group -lc -lm -Wl,--end-group
Finished building target: grabadora_de_audio.elf
 
arm-none-eabi-size   grabadora_de_audio.elf 
arm-none-eabi-objdump -h -S  grabadora_de_audio.elf  > "grabadora_de_audio.list"
   text	   data	    bss	    dec	    hex	filename
  22968	    124	  12328	  35420	   8a5c	grabadora_de_audio.elf
Finished building: default.size.stdout
 
Finished building: grabadora_de_audio.list
 

20:01:24 Build Finished. 0 errors, 0 warnings. (took 1s.999ms)

