15:19:14 **** Incremental Build of configuration Debug for project ProyectoFinal_Microcontroladores ****
make -j16 all 
arm-none-eabi-gcc "../Core/Src/main.c" -mcpu=cortex-m4 -std=gnu11 -g3 -DDEBUG -DUSE_HAL_DRIVER -DSTM32F302x8 -c -I../Core/Inc -I../Drivers/STM32F3xx_HAL_Driver/Inc -I../Drivers/STM32F3xx_HAL_Driver/Inc/Legacy -I../Drivers/CMSIS/Device/ST/STM32F3xx/Include -I../Drivers/CMSIS/Include -O0 -ffunction-sections -fdata-sections -Wall -fstack-usage -fcyclomatic-complexity -MMD -MP -MF"Core/Src/main.d" -MT"Core/Src/main.o" --specs=nano.specs -mfpu=fpv4-sp-d16 -mfloat-abi=hard -mthumb -o "Core/Src/main.o"
arm-none-eabi-gcc -o "ProyectoFinal_Microcontroladores.elf" @"objects.list"   -mcpu=cortex-m4 -T"C:\Users\thitt\STM32CubeIDE\workspace_1.11.0\ProyectoFinal_Microcontroladores\STM32F302R8TX_FLASH.ld" --specs=nosys.specs -Wl,-Map="ProyectoFinal_Microcontroladores.map" -Wl,--gc-sections -static --specs=nano.specs -mfpu=fpv4-sp-d16 -mfloat-abi=hard -mthumb -Wl,--start-group -lc -lm -Wl,--end-group
Finished building target: ProyectoFinal_Microcontroladores.elf
 
arm-none-eabi-size   ProyectoFinal_Microcontroladores.elf 
arm-none-eabi-objdump -h -S  ProyectoFinal_Microcontroladores.elf  > "ProyectoFinal_Microcontroladores.list"
   text	   data	    bss	    dec	    hex	filename
  12772	     20	   1708	  14500	   38a4	ProyectoFinal_Microcontroladores.elf
Finished building: default.size.stdout
 
Finished building: ProyectoFinal_Microcontroladores.list
 

15:19:15 Build Finished. 0 errors, 0 warnings. (took 677ms)

