../Core/Src/main.c:74:6:next	8	static
../Core/Src/main.c:86:6:back	8	static
../Core/Src/main.c:102:5:main	120	static
../Core/Src/main.c:193:6:SystemClock_Config	120	static
../Core/Src/main.c:241:13:MX_ADC1_Init	32	static
../Core/Src/main.c:298:13:MX_DAC_Init	24	static
../Core/Src/main.c:338:13:MX_TIM2_Init	40	static
../Core/Src/main.c:383:13:MX_USART2_UART_Init	8	static
../Core/Src/main.c:416:13:MX_DMA_Init	16	static
../Core/Src/main.c:437:13:MX_GPIO_Init	48	static
../Core/Src/main.c:487:6:Error_Handler	4	static,ignoring_inline_asm
