../Core/Src/main.c:74:6:next	8	static
../Core/Src/main.c:86:6:back	8	static
../Core/Src/main.c:102:5:main	56	static
../Core/Src/main.c:191:6:SystemClock_Config	120	static
../Core/Src/main.c:239:13:MX_ADC1_Init	32	static
../Core/Src/main.c:296:13:MX_DAC_Init	24	static
../Core/Src/main.c:336:13:MX_TIM2_Init	40	static
../Core/Src/main.c:381:13:MX_USART2_UART_Init	8	static
../Core/Src/main.c:414:13:MX_DMA_Init	16	static
../Core/Src/main.c:435:13:MX_GPIO_Init	48	static
../Core/Src/main.c:485:6:Error_Handler	4	static,ignoring_inline_asm
