../Core/Src/main.c:128:9:calcularPorcentajeHumedad	24	static
../Core/Src/main.c:145:6:verificarHumedadYRegar	8	static
../Core/Src/main.c:160:6:set_time	40	static
../Core/Src/main.c:175:6:set_date	32	static
../Core/Src/main.c:190:6:set_alarm	64	static
../Core/Src/main.c:210:6:get_time_date	48	static
../Core/Src/main.c:227:6:HAL_RTC_AlarmAEventCallback	16	static
../Core/Src/main.c:233:6:activarBomba	8	static
../Core/Src/main.c:241:6:desactivarBomba	8	static
../Core/Src/main.c:247:6:displayMenu	8	static
../Core/Src/main.c:256:6:handleClockMode	8	static
../Core/Src/main.c:268:6:handleAutoMode	72	static
../Core/Src/main.c:316:6:handleManualWaterMode	48	static
../Core/Src/main.c:346:6:processKeyInput	40	static
../Core/Src/main.c:436:5:main	48	static
../Core/Src/main.c:555:6:SystemClock_Config	120	static
../Core/Src/main.c:610:13:MX_ADC1_Init	32	static
../Core/Src/main.c:667:13:MX_I2C1_Init	8	static
../Core/Src/main.c:714:13:MX_RTC_Init	72	static
../Core/Src/main.c:796:13:MX_TIM1_Init	40	static
../Core/Src/main.c:843:13:MX_USART2_UART_Init	8	static
../Core/Src/main.c:876:13:MX_DMA_Init	16	static
../Core/Src/main.c:894:13:MX_GPIO_Init	48	static
../Core/Src/main.c:962:6:Error_Handler	4	static,ignoring_inline_asm
