../Core/Src/main.c:123:9:calcularPorcentajeHumedad	24	static
../Core/Src/main.c:140:6:verificarHumedadYRegar	8	static
../Core/Src/main.c:155:6:set_time	40	static
../Core/Src/main.c:170:6:set_date	32	static
../Core/Src/main.c:185:6:set_alarm	64	static
../Core/Src/main.c:205:6:get_time_date	48	static
../Core/Src/main.c:222:6:HAL_RTC_AlarmAEventCallback	16	static
../Core/Src/main.c:228:6:activarBomba	8	static
../Core/Src/main.c:236:6:desactivarBomba	8	static
../Core/Src/main.c:241:6:displayMenu	8	static
../Core/Src/main.c:250:6:handleClockMode	8	static
../Core/Src/main.c:262:6:handleAutoMode	72	static
../Core/Src/main.c:310:6:handleManualWaterMode	48	static
../Core/Src/main.c:338:6:processKeyInput	24	static
../Core/Src/main.c:402:5:main	16	static
../Core/Src/main.c:517:6:SystemClock_Config	120	static
../Core/Src/main.c:572:13:MX_ADC1_Init	32	static
../Core/Src/main.c:629:13:MX_I2C1_Init	8	static
../Core/Src/main.c:677:13:MX_RTC_Init	72	static
../Core/Src/main.c:759:13:MX_TIM1_Init	40	static
../Core/Src/main.c:806:13:MX_USART2_UART_Init	8	static
../Core/Src/main.c:839:13:MX_DMA_Init	16	static
../Core/Src/main.c:857:13:MX_GPIO_Init	48	static
../Core/Src/main.c:925:6:Error_Handler	4	static,ignoring_inline_asm
