../Core/Src/main.c:123:9:calcularPorcentajeHumedad	3
../Core/Src/main.c:140:6:verificarHumedadYRegar	4
../Core/Src/main.c:155:6:set_time	2
../Core/Src/main.c:170:6:set_date	2
../Core/Src/main.c:185:6:set_alarm	2
../Core/Src/main.c:205:6:get_time_date	1
../Core/Src/main.c:222:6:HAL_RTC_AlarmAEventCallback	1
../Core/Src/main.c:228:6:activarBomba	1
../Core/Src/main.c:236:6:desactivarBomba	1
../Core/Src/main.c:241:6:displayMenu	1
../Core/Src/main.c:250:6:handleClockMode	1
../Core/Src/main.c:262:6:handleAutoMode	11
../Core/Src/main.c:310:6:handleManualWaterMode	3
../Core/Src/main.c:338:6:processKeyInput	19
../Core/Src/main.c:402:5:main	20
../Core/Src/main.c:517:6:SystemClock_Config	4
../Core/Src/main.c:572:13:MX_ADC1_Init	3
../Core/Src/main.c:629:13:MX_I2C1_Init	4
../Core/Src/main.c:677:13:MX_RTC_Init	5
../Core/Src/main.c:759:13:MX_TIM1_Init	4
../Core/Src/main.c:806:13:MX_USART2_UART_Init	2
../Core/Src/main.c:839:13:MX_DMA_Init	1
../Core/Src/main.c:857:13:MX_GPIO_Init	1
../Core/Src/main.c:925:6:Error_Handler	1
