../Core/Src/main.c:128:9:calcularPorcentajeHumedad	3
../Core/Src/main.c:145:6:verificarHumedadYRegar	4
../Core/Src/main.c:160:6:set_time	2
../Core/Src/main.c:175:6:set_date	2
../Core/Src/main.c:190:6:set_alarm	2
../Core/Src/main.c:210:6:get_time_date	1
../Core/Src/main.c:227:6:HAL_RTC_AlarmAEventCallback	1
../Core/Src/main.c:233:6:activarBomba	1
../Core/Src/main.c:241:6:desactivarBomba	1
../Core/Src/main.c:247:6:displayMenu	1
../Core/Src/main.c:256:6:handleClockMode	1
../Core/Src/main.c:268:6:handleAutoMode	11
../Core/Src/main.c:316:6:handleManualWaterMode	3
../Core/Src/main.c:346:6:processKeyInput	21
../Core/Src/main.c:436:5:main	19
../Core/Src/main.c:555:6:SystemClock_Config	4
../Core/Src/main.c:610:13:MX_ADC1_Init	3
../Core/Src/main.c:667:13:MX_I2C1_Init	4
../Core/Src/main.c:714:13:MX_RTC_Init	5
../Core/Src/main.c:796:13:MX_TIM1_Init	4
../Core/Src/main.c:843:13:MX_USART2_UART_Init	2
../Core/Src/main.c:876:13:MX_DMA_Init	1
../Core/Src/main.c:894:13:MX_GPIO_Init	1
../Core/Src/main.c:962:6:Error_Handler	1
