../Core/Src/main.c:75:6:medicion_movimiento_sistema	8	static
../Core/Src/main.c:95:6:seteo_sistem	8	static
../Core/Src/main.c:111:6:X_derecha	8	static
../Core/Src/main.c:114:6:X1_izquierda	8	static
../Core/Src/main.c:118:6:Y_derecha	8	static
../Core/Src/main.c:122:6:Y1_izquierda	8	static
../Core/Src/main.c:127:6:stop	8	static
../Core/Src/main.c:135:6:mov	8	static
../Core/Src/main.c:176:5:main	8	static
../Core/Src/main.c:228:6:SystemClock_Config	120	static
../Core/Src/main.c:275:13:MX_ADC1_Init	32	static
../Core/Src/main.c:359:13:MX_USART2_UART_Init	8	static
../Core/Src/main.c:392:13:MX_DMA_Init	16	static
../Core/Src/main.c:410:13:MX_GPIO_Init	48	static
../Core/Src/main.c:460:6:Error_Handler	4	static,ignoring_inline_asm
