../Core/Src/main.c:75:6:medicion_movimiento_sistema	8	static
../Core/Src/main.c:103:6:seteo_sistem	8	static
../Core/Src/main.c:119:6:X_derecha	8	static
../Core/Src/main.c:122:6:X1_izquierda	8	static
../Core/Src/main.c:126:6:Y_derecha	8	static
../Core/Src/main.c:130:6:Y1_izquierda	8	static
../Core/Src/main.c:135:6:stop	8	static
../Core/Src/main.c:143:6:mov	8	static
../Core/Src/main.c:184:5:main	8	static
../Core/Src/main.c:236:6:SystemClock_Config	120	static
../Core/Src/main.c:283:13:MX_ADC1_Init	32	static
../Core/Src/main.c:367:13:MX_USART2_UART_Init	8	static
../Core/Src/main.c:400:13:MX_DMA_Init	16	static
../Core/Src/main.c:418:13:MX_GPIO_Init	48	static
../Core/Src/main.c:468:6:Error_Handler	4	static,ignoring_inline_asm
